 Inversion_sfun

 Timestamp is 54b6c3b4 (Wed Jan 14 20:29:56 2015)

 Preferred load address is 0000000180000000

 Start         Length     Name                   Class
 0001:00000000 0003eb34H .text                   CODE
 0001:0003eb40 00000092H .text$x                 CODE
 0002:00000000 000004a0H .idata$5                DATA
 0002:000004a0 00000008H .CRT$XCA                DATA
 0002:000004a8 00000008H .CRT$XCZ                DATA
 0002:000004b0 00000008H .CRT$XIA                DATA
 0002:000004b8 00000008H .CRT$XIAA               DATA
 0002:000004c0 00000008H .CRT$XIZ                DATA
 0002:000004d0 00004b4cH .rdata                  DATA
 0002:00005020 00000008H .rtc$IAA                DATA
 0002:00005028 00000008H .rtc$IZZ                DATA
 0002:00005030 00000008H .rtc$TAA                DATA
 0002:00005038 00000008H .rtc$TZZ                DATA
 0002:00005040 000041dcH .xdata                  DATA
 0002:0000921c 000000a0H .idata$2                DATA
 0002:000092bc 00000014H .idata$3                DATA
 0002:000092d0 000004a0H .idata$4                DATA
 0002:00009770 00000acaH .idata$6                DATA
 0002:0000a240 00000054H .edata                  DATA
 0003:00000000 00003eb8H .data                   DATA
 0003:00003ec0 000026b8H .bss                    DATA
 0004:00000000 0000339cH .pdata                  DATA

  Address         Publics by Value              Rva+Base               Lib:Object

 0000:00000000       ___safe_se_handler_count   0000000000000000     <absolute>
 0000:00000000       ___safe_se_handler_table   0000000000000000     <absolute>
 0000:00000000       __ImageBase                0000000180000000     <linker-defined>
 0001:00000000       sf_c1_Inversion_get_eml_resolved_functions_info 0000000180001000 f   c1_Inversion.obj
 0001:00000a60       sf_c1_Inversion_get_check_sum 0000000180001a60 f   c1_Inversion.obj
 0001:00000ae0       sf_c1_Inversion_get_autoinheritance_info 0000000180001ae0 f   c1_Inversion.obj
 0001:00000f00       sf_internal_get_sim_state_c1_Inversion 0000000180001f00 f   c1_Inversion.obj
 0001:000012b0       sf_internal_set_sim_state_c1_Inversion 00000001800022b0 f   c1_Inversion.obj
 0001:00001750       c1_Inversion_method_dispatcher 0000000180002750 f   c1_Inversion.obj
 0001:00003fd0       sf_c2_Inversion_get_eml_resolved_functions_info 0000000180004fd0 f   c2_Inversion.obj
 0001:00004a80       sf_c2_Inversion_get_check_sum 0000000180005a80 f   c2_Inversion.obj
 0001:00004b00       sf_c2_Inversion_get_autoinheritance_info 0000000180005b00 f   c2_Inversion.obj
 0001:00004f20       sf_internal_get_sim_state_c2_Inversion 0000000180005f20 f   c2_Inversion.obj
 0001:000052c0       sf_internal_set_sim_state_c2_Inversion 00000001800062c0 f   c2_Inversion.obj
 0001:00005760       c2_Inversion_method_dispatcher 0000000180006760 f   c2_Inversion.obj
 0001:00008920       sf_c3_Inversion_get_eml_resolved_functions_info 0000000180009920 f   c3_Inversion.obj
 0001:000096a0       sf_c3_Inversion_get_check_sum 000000018000a6a0 f   c3_Inversion.obj
 0001:00009720       sf_c3_Inversion_get_autoinheritance_info 000000018000a720 f   c3_Inversion.obj
 0001:00009b40       sf_internal_get_sim_state_c3_Inversion 000000018000ab40 f   c3_Inversion.obj
 0001:00009ef0       sf_internal_set_sim_state_c3_Inversion 000000018000aef0 f   c3_Inversion.obj
 0001:0000a390       c3_Inversion_method_dispatcher 000000018000b390 f   c3_Inversion.obj
 0001:0000c860       sf_process_check_sum_call  000000018000d860 f   Inversion_sfun_registry.obj
 0001:0000c8b0       sf_process_autoinheritance_call 000000018000d8b0 f   Inversion_sfun_registry.obj
 0001:0000ca50       sf_process_get_eml_resolved_functions_info_call 000000018000da50 f   Inversion_sfun_registry.obj
 0001:0000cbd0       sf_mex_unlock_call         000000018000dbd0 f   Inversion_sfun_registry.obj
 0001:0000cc80       sf_machine_global_initializer_called 000000018000dc80 f   Inversion_sfun_registry.obj
 0001:0000ccb0       sf_machine_global_method_dispatcher 000000018000dcb0 f   Inversion_sfun_registry.obj
 0001:0000cd10       sf_machine_global_terminator 000000018000dd10 f   Inversion_sfun_registry.obj
 0001:0000cd50       sf_register_machine_exported_symbols 000000018000dd50 f   Inversion_sfun_registry.obj
 0001:0000cd70       callCustomFcn              000000018000dd70 f   Inversion_sfun_registry.obj
 0001:0000cd80       sf_machine_global_initializer 000000018000dd80 f   Inversion_sfun_registry.obj
 0001:0000cdf0       _ssSetStateAbsTol          000000018000ddf0 f   Inversion_sfun_registry.obj
 0001:0000ced0       _ssGetAbsTol               000000018000ded0 f   Inversion_sfun_registry.obj
 0001:0000cf40       _ssSetInputPortMatrixDimensions 000000018000df40 f   Inversion_sfun_registry.obj
 0001:0000d050       _ssSetOutputPortMatrixDimensions 000000018000e050 f   Inversion_sfun_registry.obj
 0001:0000d160       _ssSetInputPortVectorDimension 000000018000e160 f   Inversion_sfun_registry.obj
 0001:0000d230       _ssSetOutputPortVectorDimension 000000018000e230 f   Inversion_sfun_registry.obj
 0001:0000d300       ssIsRunTimeParamTunable    000000018000e300 f   Inversion_sfun_registry.obj
 0001:0000d370       ssGetSFuncBlockHandle      000000018000e370 f   Inversion_sfun_registry.obj
 0001:0000d3e0       _ssGetCurrentInputPortWidth 000000018000e3e0 f   Inversion_sfun_registry.obj
 0001:0000d500       _ssGetCurrentOutputPortWidth 000000018000e500 f   Inversion_sfun_registry.obj
 0001:0000d620       _ssGetCallSystemNumFcnCallDestinations 000000018000e620 f   Inversion_sfun_registry.obj
 0001:0000d690       ssWarning                  000000018000e690 f   Inversion_sfun_registry.obj
 0001:0000d7a0       ssGetIsZeroCrossControlDisabled 000000018000e7a0 f   Inversion_sfun_registry.obj
 0001:0000d810       ssSetIsInputPortUsedForContZcSignal 000000018000e810 f   Inversion_sfun_registry.obj
 0001:0000d880       ssSetZcSignalIsZcElementDisc 000000018000e880 f   Inversion_sfun_registry.obj
 0001:0000d930       ssSetZcSignalName          000000018000e930 f   Inversion_sfun_registry.obj
 0001:0000d9a0       ssSetZcSignalWidth         000000018000e9a0 f   Inversion_sfun_registry.obj
 0001:0000da10       ssSetZcSignalZcEventType   000000018000ea10 f   Inversion_sfun_registry.obj
 0001:0000da80       ssSetZcSignalType          000000018000ea80 f   Inversion_sfun_registry.obj
 0001:0000daf0       ssSetZcSignalZcTol         000000018000eaf0 f   Inversion_sfun_registry.obj
 0001:0000db60       ssSetZcSignalNeedsEventNotification 000000018000eb60 f   Inversion_sfun_registry.obj
 0001:0000dbd0       ssCreateAndAddZcSignalInfo 000000018000ebd0 f   Inversion_sfun_registry.obj
 0001:0000dc40       ssCloneAndAddZcSignalInfo  000000018000ec40 f   Inversion_sfun_registry.obj
 0001:0000dcb0       ssGetNumZcSignals          000000018000ecb0 f   Inversion_sfun_registry.obj
 0001:0000dd20       ssGetZcSignalVector        000000018000ed20 f   Inversion_sfun_registry.obj
 0001:0000dd90       ssGetZcSignalZcEvents      000000018000ed90 f   Inversion_sfun_registry.obj
 0001:0000de00       ssGetZcSignalName          000000018000ee00 f   Inversion_sfun_registry.obj
 0001:0000de70       ssGetZcSignalWidth         000000018000ee70 f   Inversion_sfun_registry.obj
 0001:0000dee0       ssGetZcSignalZcEventType   000000018000eee0 f   Inversion_sfun_registry.obj
 0001:0000df50       ssGetZcSignalType          000000018000ef50 f   Inversion_sfun_registry.obj
 0001:0000dfc0       ssGetZcSignalZcTol         000000018000efc0 f   Inversion_sfun_registry.obj
 0001:0000e040       ssGetZcSignalNeedsEventNotification 000000018000f040 f   Inversion_sfun_registry.obj
 0001:0000e0b0       ssGetZcSignalIsZcElementDisc 000000018000f0b0 f   Inversion_sfun_registry.obj
 0001:0000e150       ssGetIsInputPortElementContinuous 000000018000f150 f   Inversion_sfun_registry.obj
 0001:0000e1f0       _ssGetInputPortSignalPtrsFcn 000000018000f1f0 f   Inversion_sfun_registry.obj
 0001:0000e4b0       _ssGetInputPortSignalFcn   000000018000f4b0 f   Inversion_sfun_registry.obj
 0001:0000e6d0       _ssSetInputPortDirectFeedThroughFcn 000000018000f6d0 f   Inversion_sfun_registry.obj
 0001:0000e830       _ssSetInputPortReusableFcn 000000018000f830 f   Inversion_sfun_registry.obj
 0001:0000e920       _ssSetOutputPortReusableFcn 000000018000f920 f   Inversion_sfun_registry.obj
 0001:0000ea00       ssGetDTypeIdFromMxArray    000000018000fa00 f   Inversion_sfun_registry.obj
 0001:0000eb20       ssWriteRTWStr              000000018000fb20 f   Inversion_sfun_registry.obj
 0001:0000eb80       ssWriteRTWMxVectParam      000000018000fb80 f   Inversion_sfun_registry.obj
 0001:0000ebe0       ssWriteRTWMx2dMatParam     000000018000fbe0 f   Inversion_sfun_registry.obj
 0001:0000ec60       ssWriteRTWNameValuePair    000000018000fc60 f   Inversion_sfun_registry.obj
 0001:0000f150       ssWriteRTWParameters       0000000180010150 f   Inversion_sfun_registry.obj
 0001:0000f750       ssWriteRTWParamSettings    0000000180010750 f   Inversion_sfun_registry.obj
 0001:0000fe20       ssWriteRTWWorkVect         0000000180010e20 f   Inversion_sfun_registry.obj
 0001:00010320       mexFunction                0000000180011320 f   Inversion_sfun_registry.obj
 0001:00011f60       ProcessMexSfunctionEveryCall 0000000180012f60 f   Inversion_sfun_registry.obj
 0001:000120d0       Inversion_initializer      00000001800130d0 f   Inversion_sfun.obj
 0001:000120e0       Inversion_terminator       00000001800130e0 f   Inversion_sfun.obj
 0001:000120f0       sf_Inversion_method_dispatcher 00000001800130f0 f   Inversion_sfun.obj
 0001:00012180       sf_Inversion_process_check_sum_call 0000000180013180 f   Inversion_sfun.obj
 0001:000125c0       sf_Inversion_autoinheritance_info 00000001800135c0 f   Inversion_sfun.obj
 0001:000127d0       sf_Inversion_get_eml_resolved_functions_info 00000001800137d0 f   Inversion_sfun.obj
 0001:00012980       Inversion_debug_initialize 0000000180013980 f   Inversion_sfun.obj
 0001:000129f0       Inversion_register_exported_symbols 00000001800139f0 f   Inversion_sfun.obj
 0001:00012a00       load_Inversion_optimization_info 0000000180013a00 f   Inversion_sfun.obj
 0001:00012a50       unload_Inversion_optimization_info 0000000180013a50 f   Inversion_sfun.obj
 0001:00012b20       sf_mex_mx_is_numeric       0000000180013b20 f   sfc_mex:sfc_mex.obj
 0001:00012b60       strcmp_ignore_ws           0000000180013b60 f   sfc_mex:sfc_mex.obj
 0001:00012ca0       sf_mex_duplicatearraysafe  0000000180013ca0 f   sfc_mex:sfc_mex.obj
 0001:00012e00       sf_set_error_debugger_context_message_fcn 0000000180013e00 f   sfc_mex:sfc_mex.obj
 0001:00012e10       sf_set_debugger_matlab_error_fcn 0000000180013e10 f   sfc_mex:sfc_mex.obj
 0001:00012e40       sf_set_error_prefix_string 0000000180013e40 f   sfc_mex:sfc_mex.obj
 0001:00012e70       sf_get_error_prefix_string 0000000180013e70 f   sfc_mex:sfc_mex.obj
 0001:00012e80       sf_mex_enter_parallel_region 0000000180013e80 f   sfc_mex:sfc_mex.obj
 0001:00012e90       sf_mex_exit_parallel_region 0000000180013e90 f   sfc_mex:sfc_mex.obj
 0001:00012ea0       sf_get_current_jmp_buf_ptr 0000000180013ea0 f   sfc_mex:sfc_mex.obj
 0001:00012eb0       sf_set_current_jmp_buf_ptr 0000000180013eb0 f   sfc_mex:sfc_mex.obj
 0001:00012ec0       sf_mex_set_halt_simulation 0000000180013ec0 f   sfc_mex:sfc_mex.obj
 0001:00012ed0       sf_mex_get_halt_simulation 0000000180013ed0 f   sfc_mex:sfc_mex.obj
 0001:00012ee0       sf_mex_clear_error_message 0000000180013ee0 f   sfc_mex:sfc_mex.obj
 0001:00012f00       sf_mex_get_error_message_for_read 0000000180013f00 f   sfc_mex:sfc_mex.obj
 0001:00012f10       sf_mex_get_error_message_buffer_length 0000000180013f10 f   sfc_mex:sfc_mex.obj
 0001:00012ff0       sf_mex_warning_message     0000000180013ff0 f   sfc_mex:sfc_mex.obj
 0001:00013060       sf_mex_v_errbuf_createf    0000000180014060 f   sfc_mex:sfc_mex.obj
 0001:00013070       sf_mex_errbuf_createf      0000000180014070 f   sfc_mex:sfc_mex.obj
 0001:000130a0       sf_mex_v_errbuf_catf       00000001800140a0 f   sfc_mex:sfc_mex.obj
 0001:000130e0       sf_mex_errbuf_catf         00000001800140e0 f   sfc_mex:sfc_mex.obj
 0001:00013130       sf_mex_errbuf_copy         0000000180014130 f   sfc_mex:sfc_mex.obj
 0001:00013140       sf_mex_errbuf_clear        0000000180014140 f   sfc_mex:sfc_mex.obj
 0001:00013150       sf_mex_errbuf_isempty      0000000180014150 f   sfc_mex:sfc_mex.obj
 0001:00013260       sf_mex_set_error_status    0000000180014260 f   sfc_mex:sfc_mex.obj
 0001:000132b0       sf_mex_error_direct_call   00000001800142b0 f   sfc_mex:sfc_mex.obj
 0001:000132d0       sf_mex_error_message_no_long_jump 00000001800142d0 f   sfc_mex:sfc_mex.obj
 0001:000132f0       sf_mex_long_jump_on_error  00000001800142f0 f   sfc_mex:sfc_mex.obj
 0001:00013320       sf_mex_call_matlab         0000000180014320 f   sfc_mex:sfc_mex.obj
 0001:00013440       sf_mex_check_builtin       0000000180014440 f   sfc_mex:sfc_mex.obj
 0001:00013480       sf_mex_check_builtin_vs    0000000180014480 f   sfc_mex:sfc_mex.obj
 0001:000134e0       sf_mex_check_enum          00000001800144e0 f   sfc_mex:sfc_mex.obj
 0001:00013510       sf_mex_create_enum         0000000180014510 f   sfc_mex:sfc_mex.obj
 0001:00013530       sf_mex_get_enum_element    0000000180014530 f   sfc_mex:sfc_mex.obj
 0001:00013540       sf_mex_createcellarray     0000000180014540 f   sfc_mex:sfc_mex.obj
 0001:00013550       sf_mex_setcell             0000000180014550 f   sfc_mex:sfc_mex.obj
 0001:00013560       sf_mex_getcell             0000000180014560 f   sfc_mex:sfc_mex.obj
 0001:00013570       sf_mex_dup                 0000000180014570 f   sfc_mex:sfc_mex.obj
 0001:00013590       sf_mex_assign              0000000180014590 f   sfc_mex:sfc_mex.obj
 0001:00013610       sf_mex_destroy             0000000180014610 f   sfc_mex:sfc_mex.obj
 0001:00013640       mx_array_has_fi_type       0000000180014640 f   sfc_mex:sfc_mex.obj
 0001:00013670       sf_mex_convert_from_fi     0000000180014670 f   sfc_mex:sfc_mex.obj
 0001:00013720       sf_mex_convert_to_double   0000000180014720 f   sfc_mex:sfc_mex.obj
 0001:00013840       sf_mex_import_fi_vs        0000000180014840 f   sfc_mex:sfc_mex.obj
 0001:00013a00       sf_matrix_matrix_index_ok  0000000180014a00 f   sfc_mex:sfc_mex.obj
 0001:00013a90       sf_vector_vector_index_ok  0000000180014a90 f   sfc_mex:sfc_mex.obj
 0001:00013ac0       ssGetCurrentInputPortDimensions_wrapper 0000000180014ac0 f   sfc_mex:sfc_mex.obj
 0001:00013ae0       ssGetCurrentOutputPortDimensions_wrapper 0000000180014ae0 f   sfc_mex:sfc_mex.obj
 0001:00013b00       sf_mex_emlrt_context_is_debug_mode 0000000180014b00 f   sfc_mex:sfc_mex.obj
 0001:00013b10       sf_mex_emlrt_context_set_debug_mode 0000000180014b10 f   sfc_mex:sfc_mex.obj
 0001:00013b20       sf_mex_emlrtNameCapturePostProcessR2012a 0000000180014b20 f   sfc_mex:sfc_mex.obj
 0001:00013b90       sf_clear_error_manager_info 0000000180014b90 f   sfc_mex:sfc_mex.obj
 0001:00013bf0       sf_mex_stop_simulation_abruptly_wo_error 0000000180014bf0 f   sfc_mex:sfc_mex.obj
 0001:00013c30       sf_mex_error_message       0000000180014c30 f   sfc_mex:sfc_mex.obj
 0001:00013c90       sf_react_to_error_in_matlab_call 0000000180014c90 f   sfc_mex:sfc_mex.obj
 0001:00013cc0       sf_mex_addfield            0000000180014cc0 f   sfc_mex:sfc_mex.obj
 0001:00013d60       sf_mex_getfield            0000000180014d60 f   sfc_mex:sfc_mex.obj
 0001:00014060       sf_mex_check_class         0000000180015060 f   sfc_mex:sfc_mex.obj
 0001:00014100       sf_mex_is_real             0000000180015100 f   sfc_mex:sfc_mex.obj
 0001:00014570       sf_mex_decode_encoded_mx_struct_array 0000000180015570 f   sfc_mex:sfc_mex.obj
 0001:00014850       sf_mex_lw_bounds_check     0000000180015850 f   sfc_mex:sfc_mex.obj
 0001:00014880       sf_mex_lw_size_eq_check_1d 0000000180015880 f   sfc_mex:sfc_mex.obj
 0001:000148a0       sf_mex_lw_size_eq_check_nd 00000001800158a0 f   sfc_mex:sfc_mex.obj
 0001:00014a80       sf_mex_lw_dim_size_eq_check 0000000180015a80 f   sfc_mex:sfc_mex.obj
 0001:00014ab0       sf_mex_lw_dim_size_geq_check 0000000180015ab0 f   sfc_mex:sfc_mex.obj
 0001:00014ae0       sf_mex_lw_sub_assign_size_check_nd 0000000180015ae0 f   sfc_mex:sfc_mex.obj
 0001:00014d10       sf_mex_lw_runtime_error_msgid 0000000180015d10 f   sfc_mex:sfc_mex.obj
 0001:00014e00       sf_mex_lw_matrix_matrix_index_check 0000000180015e00 f   sfc_mex:sfc_mex.obj
 0001:00014e20       sf_mex_lw_vector_vector_index_check 0000000180015e20 f   sfc_mex:sfc_mex.obj
 0001:00014e60       sf_mex_lw_for_loop_vector_check 0000000180015e60 f   sfc_mex:sfc_mex.obj
 0001:00014ee0       sf_mex_lw_non_negative_check 0000000180015ee0 f   sfc_mex:sfc_mex.obj
 0001:00014f20       sf_mex_overflow_error      0000000180015f20 f   sfc_mex:sfc_mex.obj
 0001:00014f30       sf_mex_dividebyzero_error  0000000180015f30 f   sfc_mex:sfc_mex.obj
 0001:00014f40       sf_mex_unsafe_enum_error   0000000180015f40 f   sfc_mex:sfc_mex.obj
 0001:00014f50       sf_emlrtErrHandler         0000000180015f50 f   sfc_mex:sfc_mex.obj
 0001:00015030       sf_mex_size_one_check      0000000180016030 f   sfc_mex:sfc_mex.obj
 0001:00015050       sf_mex_printf              0000000180016050 f   sfc_mex:sfc_mex.obj
 0001:00015220       sf_mex_check_size          0000000180016220 f   sfc_mex:sfc_mex.obj
 0001:000154f0       sf_mex_check_struct        00000001800164f0 f   sfc_mex:sfc_mex.obj
 0001:00015750       sf_mex_check_struct_vs     0000000180016750 f   sfc_mex:sfc_mex.obj
 0001:000157e0       sf_mex_check_fi            00000001800167e0 f   sfc_mex:sfc_mex.obj
 0001:000158e0       sf_mex_check_fi_vs         00000001800168e0 f   sfc_mex:sfc_mex.obj
 0001:00015980       sf_echo_expression         0000000180016980 f   sfc_mex:sfc_mex.obj
 0001:000159e0       sf_assertion_failed        00000001800169e0 f   sfc_mex:sfc_mex.obj
 0001:00015cc0       sf_mex_evalin              0000000180016cc0 f   sfc_mex:sfc_mex.obj
 0001:00015f30       sf_mex_export              0000000180016f30 f   sfc_mex:sfc_mex.obj
 0001:00015ff0       sf_mex_get_ml_var_no_error 0000000180016ff0 f   sfc_mex:sfc_mex.obj
 0001:00016190       sf_mex_get_ml_var          0000000180017190 f   sfc_mex:sfc_mex.obj
 0001:00016630       ml_set_element_value_in_array 0000000180017630 f   sfc_mex:sfc_mex.obj
 0001:00017d00       sf_mex_call_impl           0000000180018d00 f   sfc_mex:sfc_mex.obj
 0001:00018230       sf_mex_call_debug          0000000180019230 f   sfc_mex:sfc_mex.obj
 0001:00018260       sf_mex_call                0000000180019260 f   sfc_mex:sfc_mex.obj
 0001:000188b0       sf_mex_createstruct        00000001800198b0 f   sfc_mex:sfc_mex.obj
 0001:000189a0       sf_mex_createstructarray   00000001800199a0 f   sfc_mex:sfc_mex.obj
 0001:00018a20       sf_mex_get_mx_datatype_from_sf_datatype 0000000180019a20 f   sfc_mex:sfc_mex.obj
 0001:00018d30       sf_mex_ml_var_sub          0000000180019d30 f   sfc_mex:sfc_mex.obj
 0001:00018f00       sf_mex_ml_var_subsasgn     0000000180019f00 f   sfc_mex:sfc_mex.obj
 0001:000192f0       sf_mex_sub                 000000018001a2f0 f   sfc_mex:sfc_mex.obj
 0001:000194f0       sf_mex_subsasgn            000000018001a4f0 f   sfc_mex:sfc_mex.obj
 0001:000199d0       sf_mex_create              000000018001a9d0 f   sfc_mex:sfc_mex.obj
 0001:0001a420       sf_mex_import_named        000000018001b420 f   sfc_mex:sfc_mex.obj
 0001:0001a480       sf_mex_import              000000018001b480 f   sfc_mex:sfc_mex.obj
 0001:0001a4d0       sf_mex_import_vs           000000018001b4d0 f   sfc_mex:sfc_mex.obj
 0001:0001a5e0       sf_mex_lower_fixpt_mx_array 000000018001b5e0 f   sfc_mex:sfc_mex.obj
 0001:0001a8d0       sf_send_message_wrapper    000000018001b8d0 f   sfc_mex:sfc_sf.obj
 0001:0001a900       sf_receive_message_wrapper 000000018001b900 f   sfc_mex:sfc_sf.obj
 0001:0001a940       sf_check_out_message_wrapper 000000018001b940 f   sfc_mex:sfc_sf.obj
 0001:0001a980       sf_check_in_message_wrapper 000000018001b980 f   sfc_mex:sfc_sf.obj
 0001:0001a9c0       sf_no_message_wrapper      000000018001b9c0 f   sfc_mex:sfc_sf.obj
 0001:0001ad50       sim_mode_is_rtw_gen        000000018001bd50 f   sfc_mex:sfc_sf.obj
 0001:0001ad80       sim_mode_is_external       000000018001bd80 f   sfc_mex:sfc_sf.obj
 0001:0001ad90       sim_mode_is_modelref_sim   000000018001bd90 f   sfc_mex:sfc_sf.obj
 0001:0001adb0       mdlInitializeSizes         000000018001bdb0 f   sfc_mex:sfc_sf.obj
 0001:0001add0       mdlInitializeSampleTimes   000000018001bdd0 f   sfc_mex:sfc_sf.obj
 0001:0001ae10       mdlZeroCrossings           000000018001be10 f   sfc_mex:sfc_sf.obj
 0001:0001aef0       mdlDerivatives             000000018001bef0 f   sfc_mex:sfc_sf.obj
 0001:0001afa0       mdl_initialize_conditions_processing 000000018001bfa0 f   sfc_mex:sfc_sf.obj
 0001:0001afd0       mdlInitializeConditions    000000018001bfd0 f   sfc_mex:sfc_sf.obj
 0001:0001b090       mdlGetSimState             000000018001c090 f   sfc_mex:sfc_sf.obj
 0001:0001b0a0       mdlSetSimState             000000018001c0a0 f   sfc_mex:sfc_sf.obj
 0001:0001b0b0       mdl_ext_mode_exec_processing 000000018001c0b0 f   sfc_mex:sfc_sf.obj
 0001:0001b0d0       mdlExtModeExec             000000018001c0d0 f   sfc_mex:sfc_sf.obj
 0001:0001b260       mdlTerminate               000000018001c260 f   sfc_mex:sfc_sf.obj
 0001:0001b2d0       mdlRTW                     000000018001c2d0 f   sfc_mex:sfc_sf.obj
 0001:0001b300       mdlSetWorkWidths           000000018001c300 f   sfc_mex:sfc_sf.obj
 0001:0001b310       mdlProcessParameters       000000018001c310 f   sfc_mex:sfc_sf.obj
 0001:0001b320       mdl_start_processing       000000018001c320 f   sfc_mex:sfc_sf.obj
 0001:0001b360       mdlStart                   000000018001c360 f   sfc_mex:sfc_sf.obj
 0001:0001b450       mdlEnable                  000000018001c450 f   sfc_mex:sfc_sf.obj
 0001:0001b520       mdlDisable                 000000018001c520 f   sfc_mex:sfc_sf.obj
 0001:0001b5d0       sf_get_chart_instance_ptr  000000018001c5d0 f   sfc_mex:sfc_sf.obj
 0001:0001b5f0       sf_load_rtw_optimization_info 000000018001c5f0 f   sfc_mex:sfc_sf.obj
 0001:0001b6c0       sf_rtw_info_uint_prop      000000018001c6c0 f   sfc_mex:sfc_sf.obj
 0001:0001b800       sf_is_chart_inlinable      000000018001c800 f   sfc_mex:sfc_sf.obj
 0001:0001b820       sf_mark_output_events_with_multiple_callers 000000018001c820 f   sfc_mex:sfc_sf.obj
 0001:0001b9b0       sf_mark_chart_reusable_outputs 000000018001c9b0 f   sfc_mex:sfc_sf.obj
 0001:0001bc10       sf_mark_chart_expressionable_inputs 000000018001cc10 f   sfc_mex:sfc_sf.obj
 0001:0001be70       sf_get_subchart_simstruct  000000018001ce70 f   sfc_mex:sfc_sf.obj
 0001:0001bec0       sf_get_fixpt_data_type_id  000000018001cec0 f   sfc_mex:sfc_sf.obj
 0001:0001bf00       sf_get_enum_data_type_id   000000018001cf00 f   sfc_mex:sfc_sf.obj
 0001:0001bf40       sf_get_param_data_type_id  000000018001cf40 f   sfc_mex:sfc_sf.obj
 0001:0001bf70       sf_mex_listen_for_ctrl_c_force 000000018001cf70 f   sfc_mex:sfc_sf.obj
 0001:0001c080       sf_mex_draw_now            000000018001d080 f   sfc_mex:sfc_sf.obj
 0001:0001c0c0       sf_mex_set_debugger_sim_status_listener_fcn 000000018001d0c0 f   sfc_mex:sfc_sf.obj
 0001:0001c0d0       sf_mex_listen_for_ctrl_c   000000018001d0d0 f   sfc_mex:sfc_sf.obj
 0001:0001c160       sf_mex_get_sfun_param      000000018001d160 f   sfc_mex:sfc_sf.obj
 0001:0001c1b0       sf_get_runtime_param_data  000000018001d1b0 f   sfc_mex:sfc_sf.obj
 0001:0001c1f0       sf_call_output_fcn_call    000000018001d1f0 f   sfc_mex:sfc_sf.obj
 0001:0001c330       sf_call_output_fcn_enable  000000018001d330 f   sfc_mex:sfc_sf.obj
 0001:0001c3c0       sf_call_output_fcn_disable 000000018001d3c0 f   sfc_mex:sfc_sf.obj
 0001:0001c450       sf_clear_rtw_identifier    000000018001d450 f   sfc_mex:sfc_sf.obj
 0001:0001cc40       sf_set_encoded_dwork_info  000000018001dc40 f   sfc_mex:sfc_sf.obj
 0001:0001cc90       sf_get_dwork_info_from_mat_file 000000018001dc90 f   sfc_mex:sfc_sf.obj
 0001:0001ce50       sf_set_rtw_dwork_info      000000018001de50 f   sfc_mex:sfc_sf.obj
 0001:0001cfc0       mdlOutputs                 000000018001dfc0 f   sfc_mex:sfc_sf.obj
 0001:0001d160       sf_debug_disp              000000018001e160 f   sfc_debug:sfcdebug.obj
 0001:0001d3c0       sf_debug_data_runtime_size_mismatch_error_check 000000018001e3c0 f   sfc_debug:sfcdebug.obj
 0001:0001d460       sf_debug_try_loading_machine 000000018001e460 f   sfc_debug:sfcdebug.obj
 0001:0001d560       sf_debug_reset_current_state_configuration 000000018001e560 f   sfc_debug:sfcdebug.obj
 0001:0001d5f0       sf_debug_store_current_state_configuration 000000018001e5f0 f   sfc_debug:sfcdebug.obj
 0001:0001d680       sf_debug_restore_previous_state_configuration 000000018001e680 f   sfc_debug:sfcdebug.obj
 0001:0001d710       sf_debug_restore_previous_state_configuration2 000000018001e710 f   sfc_debug:sfcdebug.obj
 0001:0001d7a0       sf_debug_get_event_scope   000000018001e7a0 f   sfc_debug:sfcdebug.obj
 0001:0001d910       use_debugger_step_animation 000000018001e910 f   sfc_debug:sfcdebug.obj
 0001:0001d930       sf_debug_get_script_id     000000018001e930 f   sfc_debug:sfcdebug.obj
 0001:0001d9c0       sf_debug_set_script_translation 000000018001e9c0 f   sfc_debug:sfcdebug.obj
 0001:0001db40       sf_debug_extract_message_post_receive_info 000000018001eb40 f   sfc_debug:sfcdebug.obj
 0001:0001dc40       sf_debug_get_current_machine_id 000000018001ec40 f   sfc_debug:sfcdebug.obj
 0001:0001dc60       sf_debug_get_current_optional_integer 000000018001ec60 f   sfc_debug:sfcdebug.obj
 0001:0001dc70       sf_debug_get_current_machine_number 000000018001ec70 f   sfc_debug:sfcdebug.obj
 0001:0001dc90       sf_debug_get_current_machine_name 000000018001ec90 f   sfc_debug:sfcdebug.obj
 0001:0001dcb0       sf_debug_get_current_chart_id 000000018001ecb0 f   sfc_debug:sfcdebug.obj
 0001:0001dd00       sf_debug_get_current_chart_number 000000018001ed00 f   sfc_debug:sfcdebug.obj
 0001:0001dd10       sf_debug_get_current_instance_number 000000018001ed10 f   sfc_debug:sfcdebug.obj
 0001:0001dd20       sf_debug_get_current_is_minor_time_step 000000018001ed20 f   sfc_debug:sfcdebug.obj
 0001:0001dda0       sf_debug_get_current_object_type 000000018001eda0 f   sfc_debug:sfcdebug.obj
 0001:0001ddb0       sf_debug_get_current_instance_handle 000000018001edb0 f   sfc_debug:sfcdebug.obj
 0001:0001de10       sf_debug_get_current_event_type 000000018001ee10 f   sfc_debug:sfcdebug.obj
 0001:0001de20       sf_debug_get_current_object_id 000000018001ee20 f   sfc_debug:sfcdebug.obj
 0001:0001de60       sf_debug_get_current_active_event_type 000000018001ee60 f   sfc_debug:sfcdebug.obj
 0001:0001de70       sf_debug_get_current_active_event_id 000000018001ee70 f   sfc_debug:sfcdebug.obj
 0001:0001deb0       sf_debug_get_current_tag_type 000000018001eeb0 f   sfc_debug:sfcdebug.obj
 0001:0001dec0       sf_debug_get_current_simulation_time 000000018001eec0 f   sfc_debug:sfcdebug.obj
 0001:0001ded0       sf_debug_get_current_coverage_percentage 000000018001eed0 f   sfc_debug:sfcdebug.obj
 0001:0001dee0       sf_debug_current_statement_context 000000018001eee0 f   sfc_debug:sfcdebug.obj
 0001:0001df70       sf_debug_get_current_statement_info 000000018001ef70 f   sfc_debug:sfcdebug.obj
 0001:0001e0f0       sf_debug_terminate_instance 000000018001f0f0 f   sfc_debug:sfcdebug.obj
 0001:0001e430       sf_debug_assertion_failed  000000018001f430 f   sfc_debug:sfcdebug.obj
 0001:0001e5e0       sf_debug_set_number_of_data_with_change_event_for_machine 000000018001f5e0 f   sfc_debug:sfcdebug.obj
 0001:0001e620       sf_debug_set_machine_event_thresholds 000000018001f620 f   sfc_debug:sfcdebug.obj
 0001:0001e640       sf_debug_set_machine_event_scope 000000018001f640 f   sfc_debug:sfcdebug.obj
 0001:0001e680       sf_debug_set_machine_data_thresholds 000000018001f680 f   sfc_debug:sfcdebug.obj
 0001:0001e6c0       sf_debug_set_machine_data_scope 000000018001f6c0 f   sfc_debug:sfcdebug.obj
 0001:0001e750       sf_debug_set_machine_data_name 000000018001f750 f   sfc_debug:sfcdebug.obj
 0001:0001e7f0       sf_debug_set_machine_data_size 000000018001f7f0 f   sfc_debug:sfcdebug.obj
 0001:0001e930       sf_debug_set_machine_data_type 000000018001f930 f   sfc_debug:sfcdebug.obj
 0001:0001eaa0       sf_debug_get_chart_data_number 000000018001faa0 f   sfc_debug:sfcdebug.obj
 0001:0001eac0       sf_debug_get_chart_event_number 000000018001fac0 f   sfc_debug:sfcdebug.obj
 0001:0001eae0       sf_debug_set_chart_state_info 000000018001fae0 f   sfc_debug:sfcdebug.obj
 0001:0001eb60       sf_debug_set_chart_decomposition 000000018001fb60 f   sfc_debug:sfcdebug.obj
 0001:0001ebd0       sf_debug_set_chart_substate_count 000000018001fbd0 f   sfc_debug:sfcdebug.obj
 0001:0001ecb0       sf_debug_set_chart_substate_index 000000018001fcb0 f   sfc_debug:sfcdebug.obj
 0001:0001ed20       sf_debug_set_chart_state_substate_count 000000018001fd20 f   sfc_debug:sfcdebug.obj
 0001:0001ee30       sf_debug_set_chart_state_substate_index 000000018001fe30 f   sfc_debug:sfcdebug.obj
 0001:0001eeb0       sf_debug_set_number_of_data_with_change_event_for_chart 000000018001feb0 f   sfc_debug:sfcdebug.obj
 0001:0001ef30       sf_debug_set_number_of_states_with_entry_event_for_chart 000000018001ff30 f   sfc_debug:sfcdebug.obj
 0001:0001efa0       sf_debug_set_number_of_states_with_exit_event_for_chart 000000018001ffa0 f   sfc_debug:sfcdebug.obj
 0001:0001f010       sf_debug_set_chart_disable_implicit_casting 0000000180020010 f   sfc_debug:sfcdebug.obj
 0001:0001f080       sf_debug_set_chart_event_thresholds 0000000180020080 f   sfc_debug:sfcdebug.obj
 0001:0001f0f0       sf_debug_set_chart_data_compiled_props 00000001800200f0 f   sfc_debug:sfcdebug.obj
 0001:0001f440       sf_debug_set_chart_data_props 0000000180020440 f   sfc_debug:sfcdebug.obj
 0001:0001f760       sf_debug_check_fi_license  0000000180020760 f   sfc_debug:sfcdebug.obj
 0001:0001f950       sf_debug_symbol_scope_push 0000000180020950 f   sfc_debug:sfcdebug.obj
 0001:0001f990       sf_debug_symbol_scope_push_eml 0000000180020990 f   sfc_debug:sfcdebug.obj
 0001:0001f9e0       sf_debug_symbol_scope_pop  00000001800209e0 f   sfc_debug:sfcdebug.obj
 0001:0001fa20       sf_debug_symbol_scope_add_importable 0000000180020a20 f   sfc_debug:sfcdebug.obj
 0001:0001faa0       sf_debug_symbol_scope_add  0000000180020aa0 f   sfc_debug:sfcdebug.obj
 0001:0001fb20       sf_debug_symbol_scope_add_dyn_importable 0000000180020b20 f   sfc_debug:sfcdebug.obj
 0001:0001fbe0       sf_debug_symbol_scope_add_dyn 0000000180020be0 f   sfc_debug:sfcdebug.obj
 0001:0001fc10       sf_debug_symbol_scope_add_eml_importable 0000000180020c10 f   sfc_debug:sfcdebug.obj
 0001:0001fc50       sf_debug_symbol_scope_add_eml 0000000180020c50 f   sfc_debug:sfcdebug.obj
 0001:0001fc90       sf_debug_symbol_scope_add_eml_dyn_importable 0000000180020c90 f   sfc_debug:sfcdebug.obj
 0001:0001fd00       sf_debug_symbol_scope_add_eml_dyn 0000000180020d00 f   sfc_debug:sfcdebug.obj
 0001:0001fd60       sf_debug_symbol_switch     0000000180020d60 f   sfc_debug:sfcdebug.obj
 0001:0001fd80       sf_debug_symbol_scope_add_verbose 0000000180020d80 f   sfc_debug:sfcdebug.obj
 0001:0001fe50       sf_debug_set_machine_data_value_ptr 0000000180020e50 f   sfc_debug:sfcdebug.obj
 0001:0001fe90       sf_debug_set_instance_data_value_ptr 0000000180020e90 f   sfc_debug:sfcdebug.obj
 0001:0001ff50       sf_debug_unset_instance_data_value_ptr 0000000180020f50 f   sfc_debug:sfcdebug.obj
 0001:00020000       sf_debug_set_chart_event_scope 0000000180021000 f   sfc_debug:sfcdebug.obj
 0001:00020080       sf_debug_set_chart_transition_coverage_maps 0000000180021080 f   sfc_debug:sfcdebug.obj
 0001:00020190       sf_debug_set_chart_state_coverage_maps 0000000180021190 f   sfc_debug:sfcdebug.obj
 0001:00020270       sf_debug_set_instance_transition_coverage_weights 0000000180021270 f   sfc_debug:sfcdebug.obj
 0001:00020310       sf_debug_set_instance_state_coverage_weights 0000000180021310 f   sfc_debug:sfcdebug.obj
 0001:00020560       sf_debug_unload_machine    0000000180021560 f   sfc_debug:sfcdebug.obj
 0001:000205b0       sf_debug_load_machine      00000001800215b0 f   sfc_debug:sfcdebug.obj
 0001:000206b0       sf_debug_set_active_instance_in_data_dictionary 00000001800216b0 f   sfc_debug:sfcdebug.obj
 0001:00020890       sf_debug_set_active_instance 0000000180021890 f   sfc_debug:sfcdebug.obj
 0001:000209d0       sf_debug_chart_visiblity_change 00000001800219d0 f   sfc_debug:sfcdebug.obj
 0001:00020ab0       sf_debug_select_chart      0000000180021ab0 f   sfc_debug:sfcdebug.obj
 0001:00020b80       sf_debug_set_instance_cv_ids 0000000180021b80 f   sfc_debug:sfcdebug.obj
 0001:00020e90       sf_debug_select_charts     0000000180021e90 f   sfc_debug:sfcdebug.obj
 0001:00020fd0       sf_debug_initialized       0000000180021fd0 f   sfc_debug:sfcdebug.obj
 0001:00020fe0       sf_debug_is_uninterruptible 0000000180021fe0 f   sfc_debug:sfcdebug.obj
 0001:00021010       sf_debug_initialize_debugger_gui 0000000180022010 f   sfc_debug:sfcdebug.obj
 0001:00021400       sf_debug_resume            0000000180022400 f   sfc_debug:sfcdebug.obj
 0001:00021420       sf_debug_go                0000000180022420 f   sfc_debug:sfcdebug.obj
 0001:00021430       sf_debug_break             0000000180022430 f   sfc_debug:sfcdebug.obj
 0001:00021440       sf_debug_step_over         0000000180022440 f   sfc_debug:sfcdebug.obj
 0001:00021450       sf_debug_step_out          0000000180022450 f   sfc_debug:sfcdebug.obj
 0001:00021460       sf_debug_set_disable_all_breakpoints 0000000180022460 f   sfc_debug:sfcdebug.obj
 0001:00021470       sf_debug_disable_all_breakpoints_and_go 0000000180022470 f   sfc_debug:sfcdebug.obj
 0001:00021480       sf_debug_break_on_chart_entry 0000000180022480 f   sfc_debug:sfcdebug.obj
 0001:00021490       sf_debug_break_on_event_broadcast 0000000180022490 f   sfc_debug:sfcdebug.obj
 0001:000214a0       sf_debug_break_on_state_entry 00000001800224a0 f   sfc_debug:sfcdebug.obj
 0001:000214b0       sf_debug_break_between_times 00000001800224b0 f   sfc_debug:sfcdebug.obj
 0001:000214d0       sf_debug_browse_data       00000001800224d0 f   sfc_debug:sfcdebug.obj
 0001:000214f0       sf_debug_watch_data        00000001800224f0 f   sfc_debug:sfcdebug.obj
 0001:00021510       sf_debug_assign_data       0000000180022510 f   sfc_debug:sfcdebug.obj
 0001:00021530       sf_debug_whos              0000000180022530 f   sfc_debug:sfcdebug.obj
 0001:00021550       sf_debug_get_consistency_info 0000000180022550 f   sfc_debug:sfcdebug.obj
 0001:00021560       sf_debug_browse_trace      0000000180022560 f   sfc_debug:sfcdebug.obj
 0001:00021570       sf_debug_set_breakpoints   0000000180022570 f   sfc_debug:sfcdebug.obj
 0001:000216d0       sf_debug_set_eml_breakpoints 00000001800226d0 f   sfc_debug:sfcdebug.obj
 0001:00021830       sf_debug_set_script_breakpoints 0000000180022830 f   sfc_debug:sfcdebug.obj
 0001:000218b0       sf_debug_add_script_breakpoints 00000001800228b0 f   sfc_debug:sfcdebug.obj
 0001:00021920       sf_debug_clear_script_breakpoints 0000000180022920 f   sfc_debug:sfcdebug.obj
 0001:00021990       sf_debug_query_script_breakpoints 0000000180022990 f   sfc_debug:sfcdebug.obj
 0001:00021a50       sf_debug_get_eml_script_id 0000000180022a50 f   sfc_debug:sfcdebug.obj
 0001:00021aa0       sf_debug_set_watch         0000000180022aa0 f   sfc_debug:sfcdebug.obj
 0001:00021cd0       sf_debug_get_instance_handle 0000000180022cd0 f   sfc_debug:sfcdebug.obj
 0001:00021d60       sf_debug_get_active_states 0000000180022d60 f   sfc_debug:sfcdebug.obj
 0001:00021d70       sf_debug_get_animation     0000000180022d70 f   sfc_debug:sfcdebug.obj
 0001:00021d80       sf_debug_set_animation     0000000180022d80 f   sfc_debug:sfcdebug.obj
 0001:00021d90       sf_debug_animate           0000000180022d90 f   sfc_debug:sfcdebug.obj
 0001:00021dc0       sf_debug_cycle_detection_check 0000000180022dc0 f   sfc_debug:sfcdebug.obj
 0001:00021dd0       sf_debug_data_range_check  0000000180022dd0 f   sfc_debug:sfcdebug.obj
 0001:00021de0       sf_debug_transition_conflict_check 0000000180022de0 f   sfc_debug:sfcdebug.obj
 0001:00021df0       sf_debug_state_consistency_check 0000000180022df0 f   sfc_debug:sfcdebug.obj
 0001:00021e00       sf_debug_data_range_check_enabled 0000000180022e00 f   sfc_debug:sfcdebug.obj
 0001:00021e20       sf_debug_transition_conflict_check_enabled 0000000180022e20 f   sfc_debug:sfcdebug.obj
 0001:00021e40       sf_debug_transition_conflict_check_begin 0000000180022e40 f   sfc_debug:sfcdebug.obj
 0001:00021e60       sf_debug_transition_conflict_check_end 0000000180022e60 f   sfc_debug:sfcdebug.obj
 0001:00021e80       sf_debug_stop_debugging    0000000180022e80 f   sfc_debug:sfcdebug.obj
 0001:00021eb0       sf_debug_is_cycle_detected 0000000180022eb0 f   sfc_debug:sfcdebug.obj
 0001:00021ec0       sf_debug_is_array_bounds_detected 0000000180022ec0 f   sfc_debug:sfcdebug.obj
 0001:00021ed0       sf_debug_get_state_vectors_data_size 0000000180022ed0 f   sfc_debug:sfcdebug.obj
 0001:00021f10       sf_debug_get_state_vectors_data 0000000180022f10 f   sfc_debug:sfcdebug.obj
 0001:00022010       sf_debug_set_state_vectors_data 0000000180023010 f   sfc_debug:sfcdebug.obj
 0001:000222d0       sf_debug_get_script_index  00000001800232d0 f   sfc_debug:sfcdebug.obj
 0001:00022460       sf_debug_add_script        0000000180023460 f   sfc_debug:sfcdebug.obj
 0001:000225f0       cv_eval_point              00000001800235f0 f   sfc_debug:sfcdebug.obj
 0001:00022760       cv_eval_testobjective      0000000180023760 f   sfc_debug:sfcdebug.obj
 0001:00022880       sf_debug_cv_init_state     0000000180023880 f   sfc_debug:sfcdebug.obj
 0001:000229a0       sf_debug_cv_init_chart     00000001800239a0 f   sfc_debug:sfcdebug.obj
 0001:00022a80       sf_debug_cv_init_trans     0000000180023a80 f   sfc_debug:sfcdebug.obj
 0001:00022b80       sf_debug_cv_init_testobjectives 0000000180023b80 f   sfc_debug:sfcdebug.obj
 0001:00022d60       cv_eml_init_script         0000000180023d60 f   sfc_debug:sfcdebug.obj
 0001:00022e60       cv_eml_init_fcn            0000000180023e60 f   sfc_debug:sfcdebug.obj
 0001:00022f10       cv_eml_init_testobjective  0000000180023f10 f   sfc_debug:sfcdebug.obj
 0001:00022fe0       cv_eml_init_if             0000000180023fe0 f   sfc_debug:sfcdebug.obj
 0001:000230b0       cv_eml_init_for            00000001800240b0 f   sfc_debug:sfcdebug.obj
 0001:00023170       cv_eml_init_while          0000000180024170 f   sfc_debug:sfcdebug.obj
 0001:00023230       cv_eml_init_mcdc           0000000180024230 f   sfc_debug:sfcdebug.obj
 0001:00023340       cv_eml_init_switch         0000000180024340 f   sfc_debug:sfcdebug.obj
 0001:00023430       cv_eml_eval                0000000180024430 f   sfc_debug:sfcdebug.obj
 0001:00023510       sf_debug_bm_is_a_eml_breakpoint 0000000180024510 f   sfc_debug:sfcdebug.obj
 0001:00023660       sf_debug_temporal_threshold 0000000180024660 f   sfc_debug:sfcdebug.obj
 0001:000239c0       sf_debug_transition_conflict_error 00000001800249c0 f   sfc_debug:sfcdebug.obj
 0001:00023d40       sf_debug_state_inconsistency_error 0000000180024d40 f   sfc_debug:sfcdebug.obj
 0001:00023e60       sf_debug_check_for_state_inconsistency 0000000180024e60 f   sfc_debug:sfcdebug.obj
 0001:00023e90       sf_debug_cycle_detecton_error 0000000180024e90 f   sfc_debug:sfcdebug.obj
 0001:00024680       sf_debug_size_eq_check_1d  0000000180025680 f   sfc_debug:sfcdebug.obj
 0001:000246a0       sf_debug_size_eq_check_nd  00000001800256a0 f   sfc_debug:sfcdebug.obj
 0001:00024880       sf_debug_dim_size_eq_check 0000000180025880 f   sfc_debug:sfcdebug.obj
 0001:000248b0       sf_debug_dim_size_geq_check 00000001800258b0 f   sfc_debug:sfcdebug.obj
 0001:000248e0       sf_debug_sub_assign_size_check_nd 00000001800258e0 f   sfc_debug:sfcdebug.obj
 0001:00024b20       sf_debug_matrix_matrix_index_check 0000000180025b20 f   sfc_debug:sfcdebug.obj
 0001:00024b50       sf_debug_vector_vector_index_check 0000000180025b50 f   sfc_debug:sfcdebug.obj
 0001:00024b80       sf_debug_for_loop_vector_check 0000000180025b80 f   sfc_debug:sfcdebug.obj
 0001:00024c00       sf_debug_runtime_error_msgid 0000000180025c00 f   sfc_debug:sfcdebug.obj
 0001:00024c90       sf_debug_data_array_bounds_error_check 0000000180025c90 f   sfc_debug:sfcdebug.obj
 0001:00024da0       sf_debug_eml_data_array_bounds_error_check 0000000180025da0 f   sfc_debug:sfcdebug.obj
 0001:00025280       sf_debug_integer_check     0000000180026280 f   sfc_debug:sfcdebug.obj
 0001:00025360       sf_debug_not_nan_check     0000000180026360 f   sfc_debug:sfcdebug.obj
 0001:00025420       sf_debug_non_negative_check 0000000180026420 f   sfc_debug:sfcdebug.obj
 0001:000254e0       sf_debug_overflow_detection 00000001800264e0 f   sfc_debug:sfcdebug.obj
 0001:00025bd0       sf_debug_cast_to_real32_T  0000000180026bd0 f   sfc_debug:sfcdebug.obj
 0001:00025c90       sf_debug_cast_to_int8_T    0000000180026c90 f   sfc_debug:sfcdebug.obj
 0001:00025d50       sf_debug_cast_to_uint8_T   0000000180026d50 f   sfc_debug:sfcdebug.obj
 0001:00025e10       sf_debug_cast_to_int16_T   0000000180026e10 f   sfc_debug:sfcdebug.obj
 0001:00025ed0       sf_debug_cast_to_uint16_T  0000000180026ed0 f   sfc_debug:sfcdebug.obj
 0001:00025f90       sf_debug_cast_to_int32_T   0000000180026f90 f   sfc_debug:sfcdebug.obj
 0001:00026050       sf_debug_cast_to_uint32_T  0000000180027050 f   sfc_debug:sfcdebug.obj
 0001:00026110       sf_debug_data_range_error  0000000180027110 f   sfc_debug:sfcdebug.obj
 0001:00026460       sf_debug_read_before_write_check 0000000180027460 f   sfc_debug:sfcdebug.obj
 0001:00026850       sf_debug_data_range_error_wrapper_min_max 0000000180027850 f   sfc_debug:sfcdebug.obj
 0001:00026940       sf_debug_data_range_error_wrapper_min 0000000180027940 f   sfc_debug:sfcdebug.obj
 0001:00026a20       sf_debug_data_range_error_wrapper_max 0000000180027a20 f   sfc_debug:sfcdebug.obj
 0001:00026b00       sf_debug_data_range_wrapper 0000000180027b00 f   sfc_debug:sfcdebug.obj
 0001:00026bb0       sf_debug_set_current_status_info 0000000180027bb0 f   sfc_debug:sfcdebug.obj
 0001:00026f60       sf_debug_register_message_post_receive_info 0000000180027f60 f   sfc_debug:sfcdebug.obj
 0001:000271d0       sf_debug_call              00000001800281d0 f   sfc_debug:sfcdebug.obj
 0001:00028090       sf_debug_initialize_machine 0000000180029090 f   sfc_debug:sfcdebug.obj
 0001:000283a0       sf_debug_initialize_chart  00000001800293a0 f   sfc_debug:sfcdebug.obj
 0001:00028880       sf_debug_ensure_script     0000000180029880 f   sfc_debug:sfcdebug.obj
 0001:00028940       cv_script_init_script      0000000180029940 f   sfc_debug:sfcdebug.obj
 0001:00028a20       cv_script_init_fcn         0000000180029a20 f   sfc_debug:sfcdebug.obj
 0001:00028ad0       cv_script_init_testobjective 0000000180029ad0 f   sfc_debug:sfcdebug.obj
 0001:00028b80       cv_script_init_if          0000000180029b80 f   sfc_debug:sfcdebug.obj
 0001:00028c30       cv_script_init_for         0000000180029c30 f   sfc_debug:sfcdebug.obj
 0001:00028ce0       cv_script_init_while       0000000180029ce0 f   sfc_debug:sfcdebug.obj
 0001:00028d90       cv_script_init_mcdc        0000000180029d90 f   sfc_debug:sfcdebug.obj
 0001:00028e90       cv_script_init_switch      0000000180029e90 f   sfc_debug:sfcdebug.obj
 0001:00028f70       cv_script_eval             0000000180029f70 f   sfc_debug:sfcdebug.obj
 0001:00029050       eml_debug_line_call        000000018002a050 f   sfc_debug:sfcdebug.obj
 0001:00029200       sf_debug_terminate         000000018002a200 f   sfc_debug:sfcdebug.obj
 0001:00029370       sf_debug_set_script_cv_ids 000000018002a370 f   sfc_debug:sfcdebug.obj
 0001:000294a0       sf_debug_api               000000018002a4a0 f   sfc_debug:sfc_api.obj
 0001:0002ac80       sf_debug_sm_terminate      000000018002bc80 f   sfc_debug:sfdb_animation.obj
 0001:0002ae40       sf_debug_reset_path_objects 000000018002be40 f   sfc_debug:sfdb_animation.obj
 0001:0002aec0       sf_debug_sm_reset_object_selection_status 000000018002bec0 f   sfc_debug:sfdb_animation.obj
 0001:0002af60       sf_debug_sm_reset_state_buffer 000000018002bf60 f   sfc_debug:sfdb_animation.obj
 0001:0002b030       sf_debug_sm_store_state_buffer 000000018002c030 f   sfc_debug:sfdb_animation.obj
 0001:0002b0b0       sf_debug_sm_restore_state_buffer1 000000018002c0b0 f   sfc_debug:sfdb_animation.obj
 0001:0002b120       sf_debug_sm_restore_state_buffer2 000000018002c120 f   sfc_debug:sfdb_animation.obj
 0001:0002b190       sf_debug_sm_chart_active   000000018002c190 f   sfc_debug:sfdb_animation.obj
 0001:0002b1e0       sf_debug_sm_select_active_objects 000000018002c1e0 f   sfc_debug:sfdb_animation.obj
 0001:0002b690       sf_debug_sm_is_chart_active 000000018002c690 f   sfc_debug:sfdb_animation.obj
 0001:0002b6d0       sf_debug_sm_is_state_active 000000018002c6d0 f   sfc_debug:sfdb_animation.obj
 0001:0002b910       sf_debug_sm_get_active_states 000000018002c910 f   sfc_debug:sfdb_animation.obj
 0001:0002bed0       sf_debug_sm_initialize_instance 000000018002ced0 f   sfc_debug:sfdb_animation.obj
 0001:0002c120       sf_debug_sm_change_object_selection_status 000000018002d120 f   sfc_debug:sfdb_animation.obj
 0001:0002c410       cv_create_interface        000000018002d410 f   sfc_debug:cv_sfinterface.obj
 0001:0002c770       cv_init_trans              000000018002d770 f   sfc_debug:cv_sfinterface.obj
 0001:0002c7c0       cv_init_testobjective      000000018002d7c0 f   sfc_debug:cv_sfinterface.obj
 0001:0002c800       cv_init_state              000000018002d800 f   sfc_debug:cv_sfinterface.obj
 0001:0002c870       cv_init_chart              000000018002d870 f   sfc_debug:cv_sfinterface.obj
 0001:0002c8c0       cv_dec_update_call         000000018002d8c0 f   sfc_debug:cv_sfinterface.obj
 0001:0002c900       cv_cond_update_call        000000018002d900 f   sfc_debug:cv_sfinterface.obj
 0001:0002c940       cv_testobjective_update_call 000000018002d940 f   sfc_debug:cv_sfinterface.obj
 0001:0002c980       cv_sigrange_update         000000018002d980 f   sfc_debug:cv_sfinterface.obj
 0001:0002c9c0       cvsf_eml_eval              000000018002d9c0 f   sfc_debug:cv_sfinterface.obj
 0001:0002caa0       cvsf_eml_init_script       000000018002daa0 f   sfc_debug:cv_sfinterface.obj
 0001:0002cb20       cvsf_eml_init_fcn          000000018002db20 f   sfc_debug:cv_sfinterface.obj
 0001:0002cb80       cvsf_eml_init_testobjective 000000018002db80 f   sfc_debug:cv_sfinterface.obj
 0001:0002cbe0       cvsf_eml_init_if           000000018002dbe0 f   sfc_debug:cv_sfinterface.obj
 0001:0002cc40       cvsf_eml_init_for          000000018002dc40 f   sfc_debug:cv_sfinterface.obj
 0001:0002cc90       cvsf_eml_init_while        000000018002dc90 f   sfc_debug:cv_sfinterface.obj
 0001:0002cce0       cvsf_eml_init_mcdc         000000018002dce0 f   sfc_debug:cv_sfinterface.obj
 0001:0002cd70       cvsf_eml_init_switch       000000018002dd70 f   sfc_debug:cv_sfinterface.obj
 0001:0002cde0       cvsf_script_eval           000000018002dde0 f   sfc_debug:cv_sfinterface.obj
 0001:0002cec0       cvsf_script_init_script    000000018002dec0 f   sfc_debug:cv_sfinterface.obj
 0001:0002cf40       cvsf_script_init_fcn       000000018002df40 f   sfc_debug:cv_sfinterface.obj
 0001:0002cfa0       cvsf_script_init_testobjective 000000018002dfa0 f   sfc_debug:cv_sfinterface.obj
 0001:0002d000       cvsf_script_init_if        000000018002e000 f   sfc_debug:cv_sfinterface.obj
 0001:0002d060       cvsf_script_init_for       000000018002e060 f   sfc_debug:cv_sfinterface.obj
 0001:0002d0b0       cvsf_script_init_while     000000018002e0b0 f   sfc_debug:cv_sfinterface.obj
 0001:0002d100       cvsf_script_init_mcdc      000000018002e100 f   sfc_debug:cv_sfinterface.obj
 0001:0002d190       cvsf_script_init_switch    000000018002e190 f   sfc_debug:cv_sfinterface.obj
 0001:0002d200       cv_destroy_interface       000000018002e200 f   sfc_debug:cv_sfinterface.obj
 0001:0002d220       cv_create_instance_objects 000000018002e220 f   sfc_debug:cv_sfinterface.obj
 0001:0002d6d0       cv_is_enabled              000000018002e6d0 f   sfc_debug:cv_sfinterface.obj
 0001:0002d6e0       sf_debug_cv_initialize_script 000000018002e6e0 f   sfc_debug:cv_sfinterface.obj
 0001:0002d890       sf_debug_cv_initialize_instance 000000018002e890 f   sfc_debug:cv_sfinterface.obj
 0001:0002dc30       sf_debug_cv_terminate_chart 000000018002ec30 f   sfc_debug:cv_sfinterface.obj
 0001:0002dd70       cv_call_trans_test         000000018002ed70 f   sfc_debug:cv_sfinterface.obj
 0001:0002dd80       cv_call_sub_cond_test      000000018002ed80 f   sfc_debug:cv_sfinterface.obj
 0001:0002ddc0       sf_debug_st_initialize_machine 000000018002edc0 f   sfc_debug:sfdb_data_browse.obj
 0001:0002de80       sf_debug_st_initialize_instance 000000018002ee80 f   sfc_debug:sfdb_data_browse.obj
 0001:0002e0b0       sf_debug_st_terminate      000000018002f0b0 f   sfc_debug:sfdb_data_browse.obj
 0001:0002e450       sf_debug_st_set_data_value_ptr_in_machine 000000018002f450 f   sfc_debug:sfdb_data_browse.obj
 0001:0002e4e0       sf_debug_st_set_data_value_ptr_in_instance 000000018002f4e0 f   sfc_debug:sfdb_data_browse.obj
 0001:0002e5c0       sf_debug_st_unset_data_value_ptr_in_machine 000000018002f5c0 f   sfc_debug:sfdb_data_browse.obj
 0001:0002e630       sf_debug_st_unset_data_value_ptr_in_instance 000000018002f630 f   sfc_debug:sfdb_data_browse.obj
 0001:0002e940       sf_debug_mx_value          000000018002f940 f   sfc_debug:sfdb_data_browse.obj
 0001:0002e9a0       sf_debug_mx_packed_vector  000000018002f9a0 f   sfc_debug:sfdb_data_browse.obj
 0001:0002ea80       sf_debug_mx_uint_vector    000000018002fa80 f   sfc_debug:sfdb_data_browse.obj
 0001:0002eb40       sf_debug_st_get_double_value_from_void_ptr_vector 000000018002fb40 f   sfc_debug:sfdb_data_browse.obj
 0001:0002f630       sf_debug_st_browse_data    0000000180030630 f   sfc_debug:sfdb_data_browse.obj
 0001:0002fec0       sf_debug_hm_initialize_instance 0000000180030ec0 f   sfc_debug:sfdb_handle_management.obj
 0001:00030440       sf_debug_hm_get_object_id  0000000180031440 f   sfc_debug:sfdb_handle_management.obj
 0001:000323b0       sf_debug_object_is_eml_function 00000001800333b0 f   sfc_debug:sfdb_handle_management.obj
 0001:00032420       sf_debug_hm_initialize_ids_in_machine 0000000180033420 f   sfc_debug:sfdb_handle_management.obj
 0001:00032590       sf_debug_hm_initialize_ids_in_chart 0000000180033590 f   sfc_debug:sfdb_handle_management.obj
 0001:000326d0       sf_debug_hm_initialize_chart 00000001800336d0 f   sfc_debug:sfdb_handle_management.obj
 0001:00032e80       sf_debug_hm_terminate      0000000180033e80 f   sfc_debug:sfdb_handle_management.obj
 0001:00032ee0       sf_debug_hm_initialize_machine 0000000180033ee0 f   sfc_debug:sfdb_handle_management.obj
 0001:00033690       sf_debug_ss_initialize     0000000180034690 f   sfc_debug:sfdb_symbol_scope.obj
 0001:000336b0       sf_debug_ss_terminate      00000001800346b0 f   sfc_debug:sfdb_symbol_scope.obj
 0001:00033740       sf_debug_ss_push_symbol_scope 0000000180034740 f   sfc_debug:sfdb_symbol_scope.obj
 0001:00033840       sf_debug_ss_push_symbol_scope_eml 0000000180034840 f   sfc_debug:sfdb_symbol_scope.obj
 0001:000338a0       sf_debug_ss_pop_symbol_scope 00000001800348a0 f   sfc_debug:sfdb_symbol_scope.obj
 0001:00033950       sf_debug_ss_add_symbol     0000000180034950 f   sfc_debug:sfdb_symbol_scope.obj
 0001:00033ab0       sf_debug_ss_add_symbol_eml 0000000180034ab0 f   sfc_debug:sfdb_symbol_scope.obj
 0001:00034790       sf_debug_ss_set_data_value 0000000180035790 f   sfc_debug:sfdb_symbol_scope.obj
 0001:00034c30       sf_debug_ss_watch_data     0000000180035c30 f   sfc_debug:sfdb_symbol_scope.obj
 0001:00034cd0       sf_debug_ss_assign_data    0000000180035cd0 f   sfc_debug:sfdb_symbol_scope.obj
 0001:000356d0       get_data_entry_name        00000001800366d0 f   sfc_debug:sfdb_symbol_scope.obj
 0001:00035720       sf_debug_ss_whos           0000000180036720 f   sfc_debug:sfdb_symbol_scope.obj
 0001:00035e30       sf_debug_cc_initialize_chart 0000000180036e30 f   sfc_debug:sfdb_coverage.obj
 0001:00036820       sf_debug_cc_initialize_instance 0000000180037820 f   sfc_debug:sfdb_coverage.obj
 0001:00037620       sf_debug_cc_terminate      0000000180038620 f   sfc_debug:sfdb_coverage.obj
 0001:00037710       sf_debug_cc_set_transition_maps 0000000180038710 f   sfc_debug:sfdb_coverage.obj
 0001:00037840       sf_debug_cc_set_state_maps 0000000180038840 f   sfc_debug:sfdb_coverage.obj
 0001:00037920       sf_debug_cc_set_transition_weights 0000000180038920 f   sfc_debug:sfdb_coverage.obj
 0001:00037bf0       sf_debug_cc_set_state_weights 0000000180038bf0 f   sfc_debug:sfdb_coverage.obj
 0001:00037ec0       sf_debug_cc_mark_transition_guard 0000000180038ec0 f   sfc_debug:sfdb_coverage.obj
 0001:00037f50       sf_debug_cc_mark_transition_trigger 0000000180038f50 f   sfc_debug:sfdb_coverage.obj
 0001:00037fe0       sf_debug_cc_mark_transition_decision 0000000180038fe0 f   sfc_debug:sfdb_coverage.obj
 0001:00038050       sf_debug_cc_mark_transition_condition_action 0000000180039050 f   sfc_debug:sfdb_coverage.obj
 0001:000380a0       sf_debug_cc_mark_transition_transition_action 00000001800390a0 f   sfc_debug:sfdb_coverage.obj
 0001:000380f0       sf_debug_cc_mark_state_entry 00000001800390f0 f   sfc_debug:sfdb_coverage.obj
 0001:00038140       sf_debug_cc_mark_state_during 0000000180039140 f   sfc_debug:sfdb_coverage.obj
 0001:00038190       sf_debug_cc_mark_state_exit 0000000180039190 f   sfc_debug:sfdb_coverage.obj
 0001:000381e0       sf_debug_bm_clear_script_breakpoints 00000001800391e0 f   sfc_debug:sfdb_breakpoints.obj
 0001:00038210       sf_debug_bm_set_script_breakpoint 0000000180039210 f   sfc_debug:sfdb_breakpoints.obj
 0001:00038290       sf_debug_bm_clear_single_script_breakpoint 0000000180039290 f   sfc_debug:sfdb_breakpoints.obj
 0001:00038310       sf_debug_bm_query_script_breakpoint 0000000180039310 f   sfc_debug:sfdb_breakpoints.obj
 0001:00038360       sf_debug_bm_initialize_scripts 0000000180039360 f   sfc_debug:sfdb_breakpoints.obj
 0001:00038a80       sf_debug_bm_terminate      0000000180039a80 f   sfc_debug:sfdb_breakpoints.obj
 0001:00038d70       sf_debug_bm_remove_all_breakpoints_in_machine 0000000180039d70 f   sfc_debug:sfdb_breakpoints.obj
 0001:00038de0       sf_debug_bm_remove_all_breakpoints_in_chart 0000000180039de0 f   sfc_debug:sfdb_breakpoints.obj
 0001:00038f30       sf_debug_bm_initialize_global_breakpoints 0000000180039f30 f   sfc_debug:sfdb_breakpoints.obj
 0001:000390b0       sf_debug_bm_set_breakpoint 000000018003a0b0 f   sfc_debug:sfdb_breakpoints.obj
 0001:000396e0       sf_debug_bm_set_eml_breakpoint 000000018003a6e0 f   sfc_debug:sfdb_breakpoints.obj
 0001:00039780       sf_debug_bm_initialize_machine_breakpoint_map 000000018003a780 f   sfc_debug:sfdb_breakpoints.obj
 0001:00039ba0       sf_debug_bm_is_a_breakpoint 000000018003aba0 f   sfc_debug:sfdb_breakpoints.obj
 0001:0003a0c0       sf_debug_bm_get_all_breakpoints_in_machine 000000018003b0c0 f   sfc_debug:sfdb_breakpoints.obj
 0001:0003a3c0       sf_debug_bm_get_all_breakpoints_in_chart 000000018003b3c0 f   sfc_debug:sfdb_breakpoints.obj
 0001:0003b080       sf_debug_bm_initialize_machine 000000018003c080 f   sfc_debug:sfdb_breakpoints.obj
 0001:0003b150       sf_debug_bm_initialize_chart 000000018003c150 f   sfc_debug:sfdb_breakpoints.obj
 0001:0003b570       sf_debug_sc_terminate      000000018003c570 f   sfc_debug:sfdb_state_consistency.obj
 0001:0003b8a0       sf_debug_sc_is_chart_consistent 000000018003c8a0 f   sfc_debug:sfdb_state_consistency.obj
 0001:0003bb50       sf_debug_sc_get_consistency_error_info 000000018003cb50 f   sfc_debug:sfdb_state_consistency.obj
 0001:0003bfa0       sf_debug_tm_terminate      000000018003cfa0 f   sfc_debug:sfdb_call_stack.obj
 0001:0003c060       sf_debug_tm_push_chart_instance 000000018003d060 f   sfc_debug:sfdb_call_stack.obj
 0001:0003c1b0       sf_debug_tm_pop_chart_instance 000000018003d1b0 f   sfc_debug:sfdb_call_stack.obj
 0001:0003c210       sf_debug_tm_push_trace_node 000000018003d210 f   sfc_debug:sfdb_call_stack.obj
 0001:0003c3a0       sf_debug_tm_pop_trace_node 000000018003d3a0 f   sfc_debug:sfdb_call_stack.obj
 0001:0003c420       sf_debug_tm_get_current_global_trace_index 000000018003d420 f   sfc_debug:sfdb_call_stack.obj
 0001:0003c430       sf_debug_tm_get_current_local_trace_index 000000018003d430 f   sfc_debug:sfdb_call_stack.obj
 0001:0003c460       sf_debug_tm_set_cycle_detected_flag 000000018003d460 f   sfc_debug:sfdb_call_stack.obj
 0001:0003c4a0       sf_debug_tm_set_cycle_started_flag 000000018003d4a0 f   sfc_debug:sfdb_call_stack.obj
 0001:0003c4e0       sf_debug_tm_get_chart_number_from_stack 000000018003d4e0 f   sfc_debug:sfdb_call_stack.obj
 0001:0003c6e0       sf_debug_tm_browse_trace   000000018003d6e0 f   sfc_debug:sfdb_call_stack.obj
 0001:0003ca20       sf_debug_cd_initialize_instance 000000018003da20 f   sfc_debug:sfdb_cycle_detection.obj
 0001:0003ccd0       sf_debug_cd_mark_processed_transition_in_instance 000000018003dcd0 f   sfc_debug:sfdb_cycle_detection.obj
 0001:0003cd70       sf_debug_cd_checksum_push  000000018003dd70 f   sfc_debug:sfdb_cycle_detection.obj
 0001:0003d030       sf_debug_cd_checksum_pop   000000018003e030 f   sfc_debug:sfdb_cycle_detection.obj
 0001:0003d0a0       sf_debug_cd_turn_off_cycle_detection 000000018003e0a0 f   sfc_debug:sfdb_cycle_detection.obj
 0001:0003d0f0       sf_debug_cd_terminate      000000018003e0f0 f   sfc_debug:sfdb_cycle_detection.obj
 0001:0003d330       md5_initialize_state       000000018003e330 f   sfc_debug:ckmd5.obj
 0001:0003dda0       md5_update_state           000000018003eda0 f   sfc_debug:ckmd5.obj
 0001:0003ddc0       md5_get_hash               000000018003edc0 f   sfc_debug:ckmd5.obj
 0001:0003ddf0       md5_get_hash_for_a_single_string 000000018003edf0 f   sfc_debug:ckmd5.obj
 0001:0003de54       mxGetPr                    000000018003ee54 f   libmx:libmx.dll
 0001:0003de5a       mxCreateDoubleScalar       000000018003ee5a f   libmx:libmx.dll
 0001:0003de60       mxCreateDoubleMatrix_730   000000018003ee60 f   libmx:libmx.dll
 0001:0003de66       mxSetField_730             000000018003ee66 f   libmx:libmx.dll
 0001:0003de6c       mxCreateString             000000018003ee6c f   libmx:libmx.dll
 0001:0003de72       mxCreateStructMatrix_730   000000018003ee72 f   libmx:libmx.dll
 0001:0003de78       mxDestroyArray             000000018003ee78 f   libmx:libmx.dll
 0001:0003de7e       mxDuplicateArray           000000018003ee7e f   libmx:libmx.dll
 0001:0003de84       mxGetString_730            000000018003ee84 f   libmx:libmx.dll
 0001:0003de8a       mxIsChar                   000000018003ee8a f   libmx:libmx.dll
 0001:0003de90       mxGetClassID               000000018003ee90 f   libmx:libmx.dll
 0001:0003de96       mxIsNumeric                000000018003ee96 f   libmx:libmx.dll
 0001:0003de9c       mxIsComplex                000000018003ee9c f   libmx:libmx.dll
 0001:0003dea2       mxGetN                     000000018003eea2 f   libmx:libmx.dll
 0001:0003dea8       mxGetM                     000000018003eea8 f   libmx:libmx.dll
 0001:0003deae       mxCalloc                   000000018003eeae f   libmx:libmx.dll
 0001:0003deb4       mxGetScalar                000000018003eeb4 f   libmx:libmx.dll
 0001:0003deba       mxIsLogical                000000018003eeba f   libmx:libmx.dll
 0001:0003dec0       mxCreateDoubleMatrix_700   000000018003eec0 f   libmx:libmx.dll
 0001:0003dec6       mxFree                     000000018003eec6 f   libmx:libmx.dll
 0001:0003decc       mxArrayToString            000000018003eecc f   libmx:libmx.dll
 0001:0003ded2       mxCreateCellMatrix_700     000000018003eed2 f   libmx:libmx.dll
 0001:0003ded8       mxSetCell_700              000000018003eed8 f   libmx:libmx.dll
 0001:0003dede       mxGetCell_700              000000018003eede f   libmx:libmx.dll
 0001:0003dee4       mxGetClassName             000000018003eee4 f   libmx:libmx.dll
 0001:0003deea       mxSetField_700             000000018003eeea f   libmx:libmx.dll
 0001:0003def0       mxAddField                 000000018003eef0 f   libmx:libmx.dll
 0001:0003def6       mxGetField_700             000000018003eef6 f   libmx:libmx.dll
 0001:0003defc       mxGetNumberOfElements      000000018003eefc f   libmx:libmx.dll
 0001:0003df02       mxIsStruct                 000000018003ef02 f   libmx:libmx.dll
 0001:0003df08       mxIsA                      000000018003ef08 f   libmx:libmx.dll
 0001:0003df0e       mxIsClass                  000000018003ef0e f   libmx:libmx.dll
 0001:0003df14       mxGetLogicals              000000018003ef14 f   libmx:libmx.dll
 0001:0003df1a       mxIsSparse                 000000018003ef1a f   libmx:libmx.dll
 0001:0003df20       mxSetFieldByNumber_700     000000018003ef20 f   libmx:libmx.dll
 0001:0003df26       mxGetFieldByNumber_700     000000018003ef26 f   libmx:libmx.dll
 0001:0003df2c       mxGetFieldNameByNumber     000000018003ef2c f   libmx:libmx.dll
 0001:0003df32       mxGetNumberOfFields        000000018003ef32 f   libmx:libmx.dll
 0001:0003df38       mxCreateStructMatrix_700   000000018003ef38 f   libmx:libmx.dll
 0001:0003df3e       mxGetFieldNumber           000000018003ef3e f   libmx:libmx.dll
 0001:0003df44       mxIsNaN                    000000018003ef44 f   libmx:libmx.dll
 0001:0003df4a       mxIsEmpty                  000000018003ef4a f   libmx:libmx.dll
 0001:0003df50       mxGetData                  000000018003ef50 f   libmx:libmx.dll
 0001:0003df56       mxGetImagData              000000018003ef56 f   libmx:libmx.dll
 0001:0003df5c       mxArrayClassIDName         000000018003ef5c f   libmx:libmx.dll
 0001:0003df62       mxCreateNumericMatrix_700  000000018003ef62 f   libmx:libmx.dll
 0001:0003df68       mxCreateStructArray_700    000000018003ef68 f   libmx:libmx.dll
 0001:0003df6e       mxCalcSingleSubscript_700  000000018003ef6e f   libmx:libmx.dll
 0001:0003df74       mxGetDimensions_700        000000018003ef74 f   libmx:libmx.dll
 0001:0003df7a       mxGetNumberOfDimensions_700 000000018003ef7a f   libmx:libmx.dll
 0001:0003df80       mxCreateNumericArray_700   000000018003ef80 f   libmx:libmx.dll
 0001:0003df86       mxGetElementSize           000000018003ef86 f   libmx:libmx.dll
 0001:0003df8c       mxCreateStringFromNChars_700 000000018003ef8c f   libmx:libmx.dll
 0001:0003df92       mxGetString_700            000000018003ef92 f   libmx:libmx.dll
 0001:0003df98       mxIsLogicalScalarTrue      000000018003ef98 f   libmx:libmx.dll
 0001:0003df9e       mxCreateLogicalScalar      000000018003ef9e f   libmx:libmx.dll
 0001:0003dfa4       mexUnlock                  000000018003efa4 f   libmex:libmex.dll
 0001:0003dfaa       mexIsLocked                000000018003efaa f   libmex:libmex.dll
 0001:0003dfb0       mexWarnMsgTxt              000000018003efb0 f   libmex:libmex.dll
 0001:0003dfb6       mexCallMATLAB              000000018003efb6 f   libmex:libmex.dll
 0001:0003dfbc       mexErrMsgTxt               000000018003efbc f   libmex:libmex.dll
 0001:0003dfc2       mexMakeArrayPersistent     000000018003efc2 f   libmex:libmex.dll
 0001:0003dfc8       mexSetTrapFlag             000000018003efc8 f   libmex:libmex.dll
 0001:0003dfce       mexPutVariable             000000018003efce f   libmex:libmex.dll
 0001:0003dfd4       mexGetVariable             000000018003efd4 f   libmex:libmex.dll
 0001:0003dfda       mexLock                    000000018003efda f   libmex:libmex.dll
 0001:0003dfe0       mexMakeMemoryPersistent    000000018003efe0 f   libmex:libmex.dll
 0001:0003dfe6       mexFunctionName            000000018003efe6 f   libmex:libmex.dll
 0001:0003dfec       ssRegisterDataTypeFxpFSlopeFixExpBias 000000018003efec f   libfixedpoint:libfixedpoint.dll
 0001:0003dff2       utVSNprintf                000000018003eff2 f   libut:libut.dll
 0001:0003dff8       utCPUtime                  000000018003eff8 f   libut:libut.dll
 0001:0003dffe       utFree                     000000018003effe f   libut:libut.dll
 0001:0003e004       utMalloc                   000000018003f004 f   libut:libut.dll
 0001:0003e00a       muDoubleScalarSin          000000018003f00a f   libmwmathutil:libmwmathutil.dll
 0001:0003e010       muDoubleScalarCos          000000018003f010 f   libmwmathutil:libmwmathutil.dll
 0001:0003e016       muDoubleScalarAtan         000000018003f016 f   libmwmathutil:libmwmathutil.dll
 0001:0003e01c       muDoubleScalarAsin         000000018003f01c f   libmwmathutil:libmwmathutil.dll
 0001:0003e022       muDoubleScalarSqrt         000000018003f022 f   libmwmathutil:libmwmathutil.dll
 0001:0003e028       muDoubleScalarPower        000000018003f028 f   libmwmathutil:libmwmathutil.dll
 0001:0003e02e       emlrtCheckBuiltInCtxR2011a 000000018003f02e f   libemlrt:libemlrt.dll
 0001:0003e034       emlrtCheckVsBuiltInCtxR2011a 000000018003f034 f   libemlrt:libemlrt.dll
 0001:0003e03a       emlrtCheckEnumR2009a       000000018003f03a f   libemlrt:libemlrt.dll
 0001:0003e040       emlrtCreateEnumR2010a      000000018003f040 f   libemlrt:libemlrt.dll
 0001:0003e046       emlrtGetEnumElementR2009a  000000018003f046 f   libemlrt:libemlrt.dll
 0001:0003e04c       emlrtCreateReference       000000018003f04c f   libemlrt:libemlrt.dll
 0001:0003e052       emlrtImportVsFiArrayR2009b 000000018003f052 f   libemlrt:libemlrt.dll
 0001:0003e058       emlrtNameCapturePostProcessR2012a 000000018003f058 f   libemlrt:libemlrt.dll
 0001:0003e05e       emlrtExtractMessageId      000000018003f05e f   libemlrt:libemlrt.dll
 0001:0003e064       emlrtTranslateMessageIDtoLCPstring 000000018003f064 f   libemlrt:libemlrt.dll
 0001:0003e06a       emlrtForLoopVectorIsValidR2011b 000000018003f06a f   libemlrt:libemlrt.dll
 0001:0003e070       emlrtTranslateUTF16MessagetoLCPstring 000000018003f070 f   libemlrt:libemlrt.dll
 0001:0003e076       emlrtGetEnumUnderlyingArrayR2009a 000000018003f076 f   libemlrt:libemlrt.dll
 0001:0003e07c       emlrtIsEnumR2009a          000000018003f07c f   libemlrt:libemlrt.dll
 0001:0003e084       __GSHandlerCheckCommon     000000018003f084 f   MSVCRT:gshandler.obj
 0001:0003e0e8       __GSHandlerCheck           000000018003f0e8 f   MSVCRT:gshandler.obj
 0001:0003e106       strlen                     000000018003f106 f   MSVCRT:MSVCR100.dll
 0001:0003e120       __security_check_cookie    000000018003f120 f   MSVCRT:amdsecgs.obj
 0001:0003e140       memset                     000000018003f140 f   MSVCRT:MSVCR100.dll
 0001:0003e146       malloc                     000000018003f146 f   MSVCRT:MSVCR100.dll
 0001:0003e14c       free                       000000018003f14c f   MSVCRT:MSVCR100.dll
 0001:0003e152       strcmp                     000000018003f152 f   MSVCRT:MSVCR100.dll
 0001:0003e158       sprintf                    000000018003f158 f   MSVCRT:MSVCR100.dll
 0001:0003e15e       strcat                     000000018003f15e f   MSVCRT:MSVCR100.dll
 0001:0003e164       memcpy                     000000018003f164 f   MSVCRT:MSVCR100.dll
 0001:0003e16c       NtCurrentTeb               000000018003f16c f i MSVCRT:crtdll.obj
 0001:0003e1d8       _CRT_INIT                  000000018003f1d8 f   MSVCRT:crtdll.obj
 0001:0003e570       _DllMainCRTStartup         000000018003f570 f   MSVCRT:crtdll.obj
 0001:0003e5ae       strncpy                    000000018003f5ae f   MSVCRT:MSVCR100.dll
 0001:0003e5d0       __chkstk                   000000018003f5d0 f   MSVCRT:chkstk.obj
 0001:0003e5d0       _alloca_probe              000000018003f5d0     MSVCRT:chkstk.obj
 0001:0003e61e       longjmp                    000000018003f61e f   MSVCRT:MSVCR100.dll
 0001:0003e624       strncmp                    000000018003f624 f   MSVCRT:MSVCR100.dll
 0001:0003e62a       ceil                       000000018003f62a f   MSVCRT:MSVCR100.dll
 0001:0003e630       strrchr                    000000018003f630 f   MSVCRT:MSVCR100.dll
 0001:0003e636       _setjmp                    000000018003f636 f   MSVCRT:MSVCR100.dll
 0001:0003e63c       calloc                     000000018003f63c f   MSVCRT:MSVCR100.dll
 0001:0003e642       realloc                    000000018003f642 f   MSVCRT:MSVCR100.dll
 0001:0003e648       ldexp                      000000018003f648 f   MSVCRT:MSVCR100.dll
 0001:0003e650       __report_gsfailure         000000018003f650 f   MSVCRT:gs_report.obj
 0001:0003e79c       __clean_type_info_names    000000018003f79c f   MSVCRT:tncleanup.obj
 0001:0003e7a8       _onexit                    000000018003f7a8 f   MSVCRT:atonexit.obj
 0001:0003e858       atexit                     000000018003f858 f   MSVCRT:atonexit.obj
 0001:0003e870       _RTC_Initialize            000000018003f870 f   MSVCRT:_initsect_.obj
 0001:0003e8a8       _RTC_Terminate             000000018003f8a8 f   MSVCRT:_initsect_.obj
 0001:0003e8e0       _malloc_crt                000000018003f8e0 f   MSVCRT:MSVCR100.dll
 0001:0003e8f0       _ValidateImageBase         000000018003f8f0 f   MSVCRT:pesect.obj
 0001:0003e920       _FindPESection             000000018003f920 f   MSVCRT:pesect.obj
 0001:0003e970       _IsNonwritableInCurrentImage 000000018003f970 f   MSVCRT:pesect.obj
 0001:0003e9b2       _initterm                  000000018003f9b2 f   MSVCRT:MSVCR100.dll
 0001:0003e9b8       _initterm_e                000000018003f9b8 f   MSVCRT:MSVCR100.dll
 0001:0003e9be       _encoded_null              000000018003f9be f   MSVCRT:MSVCR100.dll
 0001:0003e9c4       _amsg_exit                 000000018003f9c4 f   MSVCRT:MSVCR100.dll
 0001:0003e9ca       __C_specific_handler       000000018003f9ca f   MSVCRT:MSVCR100.dll
 0001:0003e9d0       __CppXcptFilter            000000018003f9d0 f   MSVCRT:MSVCR100.dll
 0001:0003e9d8       DllMain                    000000018003f9d8 f   MSVCRT:dllmain.obj
 0001:0003e9fc       __security_init_cookie     000000018003f9fc f   MSVCRT:gs_support.obj
 0001:0003eab0       __crt_debugger_hook        000000018003fab0 f   MSVCRT:MSVCR100.dll
 0001:0003eab6       __clean_type_info_names_internal 000000018003fab6 f   MSVCRT:MSVCR100.dll
 0001:0003eabc       _unlock                    000000018003fabc f   MSVCRT:MSVCR100.dll
 0001:0003eac2       __dllonexit                000000018003fac2 f   MSVCRT:MSVCR100.dll
 0001:0003eac8       _lock                      000000018003fac8 f   MSVCRT:MSVCR100.dll
 0001:0003eace       EncodePointer              000000018003face f   kernel32:KERNEL32.dll
 0001:0003ead4       DecodePointer              000000018003fad4 f   kernel32:KERNEL32.dll
 0001:0003eada       Sleep                      000000018003fada f   kernel32:KERNEL32.dll
 0001:0003eae0       TerminateProcess           000000018003fae0 f   kernel32:KERNEL32.dll
 0001:0003eae6       GetCurrentProcess          000000018003fae6 f   kernel32:KERNEL32.dll
 0001:0003eaec       UnhandledExceptionFilter   000000018003faec f   kernel32:KERNEL32.dll
 0001:0003eaf2       SetUnhandledExceptionFilter 000000018003faf2 f   kernel32:KERNEL32.dll
 0001:0003eaf8       IsDebuggerPresent          000000018003faf8 f   kernel32:KERNEL32.dll
 0001:0003eafe       RtlVirtualUnwind           000000018003fafe f   kernel32:KERNEL32.dll
 0001:0003eb04       RtlLookupFunctionEntry     000000018003fb04 f   kernel32:KERNEL32.dll
 0001:0003eb0a       RtlCaptureContext          000000018003fb0a f   kernel32:KERNEL32.dll
 0001:0003eb10       DisableThreadLibraryCalls  000000018003fb10 f   kernel32:KERNEL32.dll
 0001:0003eb16       QueryPerformanceCounter    000000018003fb16 f   kernel32:KERNEL32.dll
 0001:0003eb1c       GetTickCount               000000018003fb1c f   kernel32:KERNEL32.dll
 0001:0003eb22       GetCurrentThreadId         000000018003fb22 f   kernel32:KERNEL32.dll
 0001:0003eb28       GetCurrentProcessId        000000018003fb28 f   kernel32:KERNEL32.dll
 0001:0003eb2e       GetSystemTimeAsFileTime    000000018003fb2e f   kernel32:KERNEL32.dll
 0002:00000000       __imp_DisableThreadLibraryCalls 0000000180040000     kernel32:KERNEL32.dll
 0002:00000008       __imp_RtlCaptureContext    0000000180040008     kernel32:KERNEL32.dll
 0002:00000010       __imp_RtlLookupFunctionEntry 0000000180040010     kernel32:KERNEL32.dll
 0002:00000018       __imp_RtlVirtualUnwind     0000000180040018     kernel32:KERNEL32.dll
 0002:00000020       __imp_IsDebuggerPresent    0000000180040020     kernel32:KERNEL32.dll
 0002:00000028       __imp_SetUnhandledExceptionFilter 0000000180040028     kernel32:KERNEL32.dll
 0002:00000030       __imp_UnhandledExceptionFilter 0000000180040030     kernel32:KERNEL32.dll
 0002:00000038       __imp_GetCurrentProcess    0000000180040038     kernel32:KERNEL32.dll
 0002:00000040       __imp_TerminateProcess     0000000180040040     kernel32:KERNEL32.dll
 0002:00000048       __imp_Sleep                0000000180040048     kernel32:KERNEL32.dll
 0002:00000050       __imp_DecodePointer        0000000180040050     kernel32:KERNEL32.dll
 0002:00000058       __imp_EncodePointer        0000000180040058     kernel32:KERNEL32.dll
 0002:00000060       __imp_GetTickCount         0000000180040060     kernel32:KERNEL32.dll
 0002:00000068       __imp_GetCurrentThreadId   0000000180040068     kernel32:KERNEL32.dll
 0002:00000070       __imp_GetCurrentProcessId  0000000180040070     kernel32:KERNEL32.dll
 0002:00000078       __imp_GetSystemTimeAsFileTime 0000000180040078     kernel32:KERNEL32.dll
 0002:00000080       __imp_QueryPerformanceCounter 0000000180040080     kernel32:KERNEL32.dll
 0002:00000088       \177KERNEL32_NULL_THUNK_DATA 0000000180040088     kernel32:KERNEL32.dll
 0002:00000090       __imp_realloc              0000000180040090     MSVCRT:MSVCR100.dll
 0002:00000098       __imp__onexit              0000000180040098     MSVCRT:MSVCR100.dll
 0002:000000a0       __imp__lock                00000001800400a0     MSVCRT:MSVCR100.dll
 0002:000000a8       __imp___dllonexit          00000001800400a8     MSVCRT:MSVCR100.dll
 0002:000000b0       __imp__unlock              00000001800400b0     MSVCRT:MSVCR100.dll
 0002:000000b8       __imp___clean_type_info_names_internal 00000001800400b8     MSVCRT:MSVCR100.dll
 0002:000000c0       __imp___crt_debugger_hook  00000001800400c0     MSVCRT:MSVCR100.dll
 0002:000000c8       __imp___CppXcptFilter      00000001800400c8     MSVCRT:MSVCR100.dll
 0002:000000d0       __imp___C_specific_handler 00000001800400d0     MSVCRT:MSVCR100.dll
 0002:000000d8       __imp__amsg_exit           00000001800400d8     MSVCRT:MSVCR100.dll
 0002:000000e0       __imp__encoded_null        00000001800400e0     MSVCRT:MSVCR100.dll
 0002:000000e8       __imp__initterm_e          00000001800400e8     MSVCRT:MSVCR100.dll
 0002:000000f0       __imp__initterm            00000001800400f0     MSVCRT:MSVCR100.dll
 0002:000000f8       __imp__malloc_crt          00000001800400f8     MSVCRT:MSVCR100.dll
 0002:00000100       __imp_ldexp                0000000180040100     MSVCRT:MSVCR100.dll
 0002:00000108       __imp_strlen               0000000180040108     MSVCRT:MSVCR100.dll
 0002:00000110       __imp_calloc               0000000180040110     MSVCRT:MSVCR100.dll
 0002:00000118       __imp__setjmp              0000000180040118     MSVCRT:MSVCR100.dll
 0002:00000120       __imp_strrchr              0000000180040120     MSVCRT:MSVCR100.dll
 0002:00000128       __imp_ceil                 0000000180040128     MSVCRT:MSVCR100.dll
 0002:00000130       __imp_strncmp              0000000180040130     MSVCRT:MSVCR100.dll
 0002:00000138       __imp_longjmp              0000000180040138     MSVCRT:MSVCR100.dll
 0002:00000140       __imp_strncpy              0000000180040140     MSVCRT:MSVCR100.dll
 0002:00000148       __imp_memcpy               0000000180040148     MSVCRT:MSVCR100.dll
 0002:00000150       __imp_strcat               0000000180040150     MSVCRT:MSVCR100.dll
 0002:00000158       __imp_sprintf              0000000180040158     MSVCRT:MSVCR100.dll
 0002:00000160       __imp_strcmp               0000000180040160     MSVCRT:MSVCR100.dll
 0002:00000168       __imp_free                 0000000180040168     MSVCRT:MSVCR100.dll
 0002:00000170       __imp_malloc               0000000180040170     MSVCRT:MSVCR100.dll
 0002:00000178       __imp_memset               0000000180040178     MSVCRT:MSVCR100.dll
 0002:00000180       \177MSVCR100_NULL_THUNK_DATA 0000000180040180     MSVCRT:MSVCR100.dll
 0002:00000188       __imp_emlrtGetEnumUnderlyingArrayR2009a 0000000180040188     libemlrt:libemlrt.dll
 0002:00000190       __imp_emlrtIsEnumR2009a    0000000180040190     libemlrt:libemlrt.dll
 0002:00000198       __imp_emlrtCheckVsBuiltInCtxR2011a 0000000180040198     libemlrt:libemlrt.dll
 0002:000001a0       __imp_emlrtTranslateUTF16MessagetoLCPstring 00000001800401a0     libemlrt:libemlrt.dll
 0002:000001a8       __imp_emlrtForLoopVectorIsValidR2011b 00000001800401a8     libemlrt:libemlrt.dll
 0002:000001b0       __imp_emlrtTranslateMessageIDtoLCPstring 00000001800401b0     libemlrt:libemlrt.dll
 0002:000001b8       __imp_emlrtExtractMessageId 00000001800401b8     libemlrt:libemlrt.dll
 0002:000001c0       __imp_emlrtCheckBuiltInCtxR2011a 00000001800401c0     libemlrt:libemlrt.dll
 0002:000001c8       __imp_emlrtCheckEnumR2009a 00000001800401c8     libemlrt:libemlrt.dll
 0002:000001d0       __imp_emlrtCreateEnumR2010a 00000001800401d0     libemlrt:libemlrt.dll
 0002:000001d8       __imp_emlrtGetEnumElementR2009a 00000001800401d8     libemlrt:libemlrt.dll
 0002:000001e0       __imp_emlrtCreateReference 00000001800401e0     libemlrt:libemlrt.dll
 0002:000001e8       __imp_emlrtImportVsFiArrayR2009b 00000001800401e8     libemlrt:libemlrt.dll
 0002:000001f0       __imp_emlrtNameCapturePostProcessR2012a 00000001800401f0     libemlrt:libemlrt.dll
 0002:000001f8       \177libemlrt_NULL_THUNK_DATA 00000001800401f8     libemlrt:libemlrt.dll
 0002:00000200       __imp_ssRegisterDataTypeFxpFSlopeFixExpBias 0000000180040200     libfixedpoint:libfixedpoint.dll
 0002:00000208       \177libfixedpoint_NULL_THUNK_DATA 0000000180040208     libfixedpoint:libfixedpoint.dll
 0002:00000210       __imp_mexMakeMemoryPersistent 0000000180040210     libmex:libmex.dll
 0002:00000218       __imp_mexFunctionName      0000000180040218     libmex:libmex.dll
 0002:00000220       __imp_mexLock              0000000180040220     libmex:libmex.dll
 0002:00000228       __imp_mexGetVariable       0000000180040228     libmex:libmex.dll
 0002:00000230       __imp_mexSetTrapFlag       0000000180040230     libmex:libmex.dll
 0002:00000238       __imp_mexMakeArrayPersistent 0000000180040238     libmex:libmex.dll
 0002:00000240       __imp_mexErrMsgTxt         0000000180040240     libmex:libmex.dll
 0002:00000248       __imp_mexCallMATLAB        0000000180040248     libmex:libmex.dll
 0002:00000250       __imp_mexWarnMsgTxt        0000000180040250     libmex:libmex.dll
 0002:00000258       __imp_mexIsLocked          0000000180040258     libmex:libmex.dll
 0002:00000260       __imp_mexUnlock            0000000180040260     libmex:libmex.dll
 0002:00000268       __imp_mexPutVariable       0000000180040268     libmex:libmex.dll
 0002:00000270       \177libmex_NULL_THUNK_DATA 0000000180040270     libmex:libmex.dll
 0002:00000278       __imp_muDoubleScalarAsin   0000000180040278     libmwmathutil:libmwmathutil.dll
 0002:00000280       __imp_muDoubleScalarSqrt   0000000180040280     libmwmathutil:libmwmathutil.dll
 0002:00000288       __imp_muDoubleScalarPower  0000000180040288     libmwmathutil:libmwmathutil.dll
 0002:00000290       __imp_muDoubleScalarSin    0000000180040290     libmwmathutil:libmwmathutil.dll
[...]
 0001:000161d0       sf_numeric_value_to_double 00000001800171d0 f   sfc_mex:sfc_mex.obj
 0001:00016220       ml_generic_out_of_bounds_check 0000000180017220 f   sfc_mex:sfc_mex.obj
 0001:000163f0       ml_get_element_value_from_array 00000001800173f0 f   sfc_mex:sfc_mex.obj
 0001:00016790       _ml_generic_castability_check 0000000180017790 f   sfc_mex:sfc_mex.obj
 0001:000174f0       ml_generic_castability_check 00000001800184f0 f   sfc_mex:sfc_mex.obj
 0001:00017590       ml_check_mx_array_for_single_castability 0000000180018590 f   sfc_mex:sfc_mex.obj
 0001:00017630       ml_check_mx_array_for_logical_castability 0000000180018630 f   sfc_mex:sfc_mex.obj
 0001:000176d0       ml_check_mx_array_for_int8_castability 00000001800186d0 f   sfc_mex:sfc_mex.obj
 0001:00017780       ml_check_mx_array_for_uint8_castability 0000000180018780 f   sfc_mex:sfc_mex.obj
 0001:000177e0       ml_check_mx_array_for_int16_castability 00000001800187e0 f   sfc_mex:sfc_mex.obj
 0001:00017840       ml_check_mx_array_for_uint16_castability 0000000180018840 f   sfc_mex:sfc_mex.obj
 0001:000178a0       ml_check_mx_array_for_int32_castability 00000001800188a0 f   sfc_mex:sfc_mex.obj
 0001:00017900       ml_check_mx_array_for_uint32_castability 0000000180018900 f   sfc_mex:sfc_mex.obj
 0001:00017960       ml_check_mx_array_for_castability 0000000180018960 f   sfc_mex:sfc_mex.obj
 0001:00018290       set_data_value             0000000180019290 f   sfc_mex:sfc_mex.obj
 0001:00018600       get_data_value             0000000180019600 f   sfc_mex:sfc_mex.obj
 0001:00018710       get_next_element_address   0000000180019710 f   sfc_mex:sfc_mex.obj
 0001:000187e0       sf_normalize_index         00000001800197e0 f   sfc_mex:sfc_mex.obj
 0001:00018b70       ml_array_index_bound_check 0000000180019b70 f   sfc_mex:sfc_mex.obj
 0001:00019690       mx_value                   000000018001a690 f   sfc_mex:sfc_mex.obj
 0001:000196e0       sf_create_numeric_array    000000018001a6e0 f   sfc_mex:sfc_mex.obj
 0001:00019780       sf_mex_assign_to_mx_array  000000018001a780 f   sfc_mex:sfc_mex.obj
 0001:00019ad0       assign_from_mx_array       000000018001aad0 f   sfc_mex:sfc_mex.obj
 0001:0001a300       sf_mex_import_v            000000018001b300 f   sfc_mex:sfc_mex.obj
 0001:0001aa00       get_machine_and_chart_file_number 000000018001ba00 f   sfc_mex:sfc_sf.obj
 0001:0001aaf0       get_sfun_block_specialization 000000018001baf0 f   sfc_mex:sfc_sf.obj
 0001:0001aba0       call_sf_machine_global_method_dispatcher 000000018001bba0 f   sfc_mex:sfc_sf.obj
 0001:0001adf0       mdl_zeroCrossings_processing 000000018001bdf0 f   sfc_mex:sfc_sf.obj
 0001:0001aec0       mdl_derivatives_processing 000000018001bec0 f   sfc_mex:sfc_sf.obj
 0001:0001b180       mdl_outputs_continuous_legacy 000000018001c180 f   sfc_mex:sfc_sf.obj
 0001:0001b200       mdl_outputs_processing     000000018001c200 f   sfc_mex:sfc_sf.obj
 0001:0001b430       mdl_enable_processing      000000018001c430 f   sfc_mex:sfc_sf.obj
 0001:0001b500       mdl_disable_processing     000000018001c500 f   sfc_mex:sfc_sf.obj
 0001:0001c270       sf_call_output_fcn_enable_disable 000000018001d270 f   sfc_mex:sfc_sf.obj
 0001:0001c4f0       set_dwork_information_from_mx_array 000000018001d4f0 f   sfc_mex:sfc_sf.obj
 0001:0001cdb0       ptr2mxStruct               000000018001ddb0 f   sfc_mex:sfc_sf.obj
 0001:0001d0c0       SNPRINTF_WRAPPER           000000018001e0c0 f   sfc_debug:sfcdebug.obj
 0001:0001d0e0       sf_debug_chart_instance_initialized_quick 000000018001e0e0 f   sfc_debug:sfcdebug.obj
 0001:0001d0f0       sf_debug_chart_instance_initialized 000000018001e0f0 f   sfc_debug:sfcdebug.obj
 0001:0001d290       sfrtAddSize                000000018001e290 f   sfc_debug:sfcdebug.obj
 0001:0001d350       sfrtGenSizeString          000000018001e350 f   sfc_debug:sfcdebug.obj
 0001:0001da60       fill_single_message_info   000000018001ea60 f   sfc_debug:sfcdebug.obj
 0001:0001dc20       sf_debug_sim_status_listener 000000018001ec20 f   sfc_debug:sfcdebug.obj
 0001:0001e190       sf_debug_form_mask_bits    000000018001f190 f   sfc_debug:sfcdebug.obj
 0001:0001e1d0       sf_debug_form_sf_data_type_offsets 000000018001f1d0 f   sfc_debug:sfcdebug.obj
 0001:0001e290       sf_debug_free_all          000000018001f290 f   sfc_debug:sfcdebug.obj
 0001:0001e440       sf_debug_append_debugger_context 000000018001f440 f   sfc_debug:sfcdebug.obj
 0001:0001e700       local_strdup               000000018001f700 f   sfc_debug:sfcdebug.obj
 0001:0001f5e0       sf_debug_em_terminate      00000001800205e0 f   sfc_debug:sfcdebug.obj
 0001:0001f620       sf_debug_push_eml_function 0000000180020620 f   sfc_debug:sfcdebug.obj
 0001:0001f6c0       sf_debug_pop_eml_function  00000001800206c0 f   sfc_debug:sfcdebug.obj
 0001:000203c0       sf_debug_get_machine_number_from_id_or_name 00000001800213c0 f   sfc_debug:sfcdebug.obj
 0001:00020510       sf_debug_get_chart_number_from_id 0000000180021510 f   sfc_debug:sfcdebug.obj
 0001:00021180       sf_debug_transfer_control_to_debugger_GUI 0000000180022180 f   sfc_debug:sfcdebug.obj
 0001:00022110       sf_debug_scripts_rehash    0000000180023110 f   sfc_debug:sfcdebug.obj
 0001:00022350       sf_debug_get_script_line_count 0000000180023350 f   sfc_debug:sfcdebug.obj
 0001:00022c80       cv_eml_state_cvId          0000000180023c80 f   sfc_debug:sfcdebug.obj
 0001:00022cf0       cv_eml_trans_cvId          0000000180023cf0 f   sfc_debug:sfcdebug.obj
 0001:00023fb0       sf_debug_data_array_bounds_error 0000000180024fb0 f   sfc_debug:sfcdebug.obj
 0001:000243e0       eml_debug_runtime_error_doclink 00000001800253e0 f   sfc_debug:sfcdebug.obj
 0001:00024560       sf_debug_runtime_error     0000000180025560 f   sfc_debug:sfcdebug.obj
 0001:000245d0       sf_debug_matlab_error      00000001800255d0 f   sfc_debug:sfcdebug.obj
 0001:00024f00       sf_debug_data_value_error  0000000180025f00 f   sfc_debug:sfcdebug.obj
 0001:00025800       sf_debug_data_loss_error   0000000180026800 f   sfc_debug:sfcdebug.obj
 0001:00026720       call_cv_range_check        0000000180027720 f   sfc_debug:sfcdebug.obj
 0001:00026ef0       sf_debug_invoke_cycle_detection_code 0000000180027ef0 f   sfc_debug:sfcdebug.obj
 0001:00027fd0       sf_reset_debug_info_struct 0000000180028fd0 f   sfc_debug:sfcdebug.obj
 0001:000288c0       cv_script_cvId             00000001800298c0 f   sfc_debug:sfcdebug.obj
 0001:00029610       sfc_api_chart_visible      000000018002a610 f   sfc_debug:sfc_api.obj
 0001:00029690       sfc_api_active_instance    000000018002a690 f   sfc_debug:sfc_api.obj
 0001:00029710       sfc_api_machine_load       000000018002a710 f   sfc_debug:sfc_api.obj
 0001:000297e0       sfc_api_debugger_alive     000000018002a7e0 f   sfc_debug:sfc_api.obj
 0001:000297f0       sfc_api_go                 000000018002a7f0 f   sfc_debug:sfc_api.obj
 0001:00029800       sfc_api_step_over          000000018002a800 f   sfc_debug:sfc_api.obj
 0001:00029810       sfc_api_step_out           000000018002a810 f   sfc_debug:sfc_api.obj
 0001:00029820       sfc_api_resume             000000018002a820 f   sfc_debug:sfc_api.obj
 0001:00029830       sfc_api_break              000000018002a830 f   sfc_debug:sfc_api.obj
 0001:00029840       sfc_api_stop_debugging     000000018002a840 f   sfc_debug:sfc_api.obj
 0001:00029890       sfc_api_is_cycle_detected  000000018002a890 f   sfc_debug:sfc_api.obj
 0001:000298e0       sfc_api_is_array_bounds_detected 000000018002a8e0 f   sfc_debug:sfc_api.obj
 0001:00029930       sfc_api_set_disable_all_breakpoints 000000018002a930 f   sfc_debug:sfc_api.obj
 0001:000299a0       sfc_api_disable_all_breakpoints_and_go 000000018002a9a0 f   sfc_debug:sfc_api.obj
 0001:000299b0       sfc_api_close              000000018002a9b0 f   sfc_debug:sfc_api.obj
 0001:000299c0       sfc_api_browse_data        000000018002a9c0 f   sfc_debug:sfc_api.obj
 0001:00029a30       sfc_api_watch_data         000000018002aa30 f   sfc_debug:sfc_api.obj
 0001:00029ad0       sfc_api_extract_message_post_receive_info 000000018002aad0 f   sfc_debug:sfc_api.obj
 0001:00029af0       sfc_api_assign_data        000000018002aaf0 f   sfc_debug:sfc_api.obj
 0001:00029b90       sfc_api_whos               000000018002ab90 f   sfc_debug:sfc_api.obj
 0001:00029c20       sfc_api_get_consistency_info 000000018002ac20 f   sfc_debug:sfc_api.obj
 0001:00029c30       sfc_api_browse_trace       000000018002ac30 f   sfc_debug:sfc_api.obj
 0001:00029c40       sfc_api_break_on_chart_entry 000000018002ac40 f   sfc_debug:sfc_api.obj
 0001:00029c60       sfc_api_break_on_event_broadcast 000000018002ac60 f   sfc_debug:sfc_api.obj
 0001:00029c80       sfc_api_break_on_state_entry 000000018002ac80 f   sfc_debug:sfc_api.obj
 0001:00029ca0       sfc_api_set_watch          000000018002aca0 f   sfc_debug:sfc_api.obj
 0001:00029d40       sfc_api_set_breakpoints    000000018002ad40 f   sfc_debug:sfc_api.obj
 0001:00029de0       sfc_api_set_eml_breakpoints 000000018002ade0 f   sfc_debug:sfc_api.obj
 0001:00029e60       sfc_api_set_script_breakpoints 000000018002ae60 f   sfc_debug:sfc_api.obj
 0001:00029eb0       sfc_api_add_script_breakpoints 000000018002aeb0 f   sfc_debug:sfc_api.obj
 0001:00029f00       sfc_api_clear_script_breakpoints 000000018002af00 f   sfc_debug:sfc_api.obj
 0001:00029f50       sfc_api_query_script_breakpoints 000000018002af50 f   sfc_debug:sfc_api.obj
 0001:00029fb0       sfc_api_get_script_id      000000018002afb0 f   sfc_debug:sfc_api.obj
 0001:0002a070       sfc_api_get_active_states  000000018002b070 f   sfc_debug:sfc_api.obj
 0001:0002a0f0       sfc_api_break_between_times 000000018002b0f0 f   sfc_debug:sfc_api.obj
 0001:0002a150       sfc_api_get_instance_handle 000000018002b150 f   sfc_debug:sfc_api.obj
 0001:0002a200       sfc_api_set_animation      000000018002b200 f   sfc_debug:sfc_api.obj
 0001:0002a250       sfc_api_select_chart       000000018002b250 f   sfc_debug:sfc_api.obj
 0001:0002a2b0       sfc_api_select_charts      000000018002b2b0 f   sfc_debug:sfc_api.obj
 0001:0002a2e0       sfc_api_cycle_detection_check 000000018002b2e0 f   sfc_debug:sfc_api.obj
 0001:0002a330       sfc_api_data_range_check   000000018002b330 f   sfc_debug:sfc_api.obj
 0001:0002a380       sfc_api_transition_conflict_check 000000018002b380 f   sfc_debug:sfc_api.obj
 0001:0002a3d0       sfc_api_state_consistency_check 000000018002b3d0 f   sfc_debug:sfc_api.obj
 0001:0002a420       sfc_api_set_instance_cv_ids 000000018002b420 f   sfc_debug:sfc_api.obj
 0001:0002a530       sfc_api_set_script_cv_ids  000000018002b530 f   sfc_debug:sfc_api.obj
 0001:0002a5e0       sfc_api_get_current_machine_id 000000018002b5e0 f   sfc_debug:sfc_api.obj
 0001:0002a610       sfc_api_get_current_machine_number 000000018002b610 f   sfc_debug:sfc_api.obj
 0001:0002a640       sfc_api_get_current_chart_number 000000018002b640 f   sfc_debug:sfc_api.obj
 0001:0002a670       sfc_api_get_current_instance_number 000000018002b670 f   sfc_debug:sfc_api.obj
 0001:0002a6a0       sfc_api_get_current_instance_handle 000000018002b6a0 f   sfc_debug:sfc_api.obj
 0001:0002a6c0       sfc_api_get_current_is_minor_time_step 000000018002b6c0 f   sfc_debug:sfc_api.obj
 0001:0002a6f0       sfc_api_get_current_machine_name 000000018002b6f0 f   sfc_debug:sfc_api.obj
 0001:0002a710       sfc_api_get_current_chart_id 000000018002b710 f   sfc_debug:sfc_api.obj
 0001:0002a740       sfc_api_get_current_object_type 000000018002b740 f   sfc_debug:sfc_api.obj
 0001:0002a770       sfc_api_get_current_event_type 000000018002b770 f   sfc_debug:sfc_api.obj
 0001:0002a7a0       sfc_api_get_current_object_id 000000018002b7a0 f   sfc_debug:sfc_api.obj
 0001:0002a7d0       sfc_get_current_active_event_type 000000018002b7d0 f   sfc_debug:sfc_api.obj
 0001:0002a800       sfc_api_get_current_active_event_id 000000018002b800 f   sfc_debug:sfc_api.obj
 0001:0002a830       sfc_api_get_current_simulation_time 000000018002b830 f   sfc_debug:sfc_api.obj
 0001:0002a850       sfc_get_current_tag_type   000000018002b850 f   sfc_debug:sfc_api.obj
 0001:0002a880       sfc_get_current_coverage_percentage 000000018002b880 f   sfc_debug:sfc_api.obj
 0001:0002a8a0       sfc_get_current_statement_context 000000018002b8a0 f   sfc_debug:sfc_api.obj
 0001:0002a8c0       sfc_get_current_optional_integer 000000018002b8c0 f   sfc_debug:sfc_api.obj
 0001:0002a8f0       sfc_get_current_statement_info 000000018002b8f0 f   sfc_debug:sfc_api.obj
 0001:0002a990       sfc_api_get                000000018002b990 f   sfc_debug:sfc_api.obj
 0001:0002aaf0       sf_debug_sm_is_using_unified_editors 000000018002baf0 f   sfc_debug:sfdb_animation.obj
 0001:0002ab90       sf_debug_sm_is_chart_visible_in_unified_editors 000000018002bb90 f   sfc_debug:sfdb_animation.obj
 0001:0002ac50       sf_debug_sm_check_if_chart_is_visible 000000018002bc50 f   sfc_debug:sfdb_animation.obj
 0001:0002b750       sf_debug_sm_fill_state_activity_data 000000018002c750 f   sfc_debug:sfdb_animation.obj
 0001:0002df80       void_ptr_stack_vector_free_total 000000018002ef80 f   sfc_debug:sfdb_data_browse.obj
 0001:0002e010       sf_debug_st_terminate_machine 000000018002f010 f   sfc_debug:sfdb_data_browse.obj
 0001:0002e050       sf_debug_st_terminate_instance 000000018002f050 f   sfc_debug:sfdb_data_browse.obj
 0001:0002e400       push_on_to_void_ptr_stack  000000018002f400 f   sfc_debug:sfdb_data_browse.obj
 0001:0002e590       pop_from_void_ptr_stack    000000018002f590 f   sfc_debug:sfdb_data_browse.obj
 0001:0002e6c0       sf_debug_st_get_data_value 000000018002f6c0 f   sfc_debug:sfdb_data_browse.obj
 0001:0002ec50       mx_value                   000000018002fc50 f   sfc_debug:sfdb_data_browse.obj
 0001:0002ec90       sf_debug_st_fill_data_struct 000000018002fc90 f   sfc_debug:sfdb_data_browse.obj
 0001:0002efd0       data_type_format_strings   000000018002ffd0 f   sfc_debug:sfdb_data_browse.obj
 0001:0002f080       sf_debug_st_fill_data      0000000180030080 f   sfc_debug:sfdb_data_browse.obj
 0001:0002fdd0       sf_debug_hm_get_simulink_handle 0000000180030dd0 f   sfc_debug:sfdb_handle_management.obj
 0001:00030920       sf_debug_hm_initialize_globals 0000000180031920 f   sfc_debug:sfdb_handle_management.obj
 0001:00030a20       sf_debug_hm_get_machine_debug_flag 0000000180031a20 f   sfc_debug:sfdb_handle_management.obj
 0001:00030b90       sf_debug_hm_get_machine_id 0000000180031b90 f   sfc_debug:sfdb_handle_management.obj
 0001:00030cb0       sf_debug_hm_get_chart_id   0000000180031cb0 f   sfc_debug:sfdb_handle_management.obj
 0001:00030e50       sf_debug_hm_register_executing_SFunction 0000000180031e50 f   sfc_debug:sfdb_handle_management.obj
 0001:00030ff0       sf_debug_hm_get_chart_active_instance 0000000180031ff0 f   sfc_debug:sfdb_handle_management.obj
 0001:00031160       sf_debug_hm_get_chart_visibility 0000000180032160 f   sfc_debug:sfdb_handle_management.obj
 0001:000312b0       sf_debug_hm_form_object_boolean_properties 00000001800322b0 f   sfc_debug:sfdb_handle_management.obj
 0001:00031580       sf_debug_hm_form_object_properties 0000000180032580 f   sfc_debug:sfdb_handle_management.obj
 0001:000317c0       sf_debug_hm_terminate_charts 00000001800327c0 f   sfc_debug:sfdb_handle_management.obj
 0001:00031f30       sf_debug_hm_terminate_machines 0000000180032f30 f   sfc_debug:sfdb_handle_management.obj
 0001:00033b80       sf_debug_ss_copy_dimension 0000000180034b80 f   sfc_debug:sfdb_symbol_scope.obj
 0001:00033c40       sf_debug_ss_get_number_elements 0000000180034c40 f   sfc_debug:sfdb_symbol_scope.obj
 0001:00033c60       sf_debug_ss_fill_data_struct 0000000180034c60 f   sfc_debug:sfdb_symbol_scope.obj
 0001:00033fb0       sf_debug_ss_reset_data_info 0000000180034fb0 f   sfc_debug:sfdb_symbol_scope.obj
 0001:00034010       sf_debug_fill_data_info_by_symbol_scope_entry 0000000180035010 f   sfc_debug:sfdb_symbol_scope.obj
 0001:000340d0       sf_debug_fill_data_info_by_data_vector 00000001800350d0 f   sfc_debug:sfdb_symbol_scope.obj
 0001:00034320       sf_debug_ss_get_data_info  0000000180035320 f   sfc_debug:sfdb_symbol_scope.obj
 0001:00034610       sf_debug_select_mex_function 0000000180035610 f   sfc_debug:sfdb_symbol_scope.obj
 0001:00034640       sf_debug_is_dyn_matrix_initialized 0000000180035640 f   sfc_debug:sfdb_symbol_scope.obj
 0001:00034660       sf_debug_ss_set_data_value_try 0000000180035660 f   sfc_debug:sfdb_symbol_scope.obj
 0001:00034830       sf_debug_ss_get_data_value 0000000180035830 f   sfc_debug:sfdb_symbol_scope.obj
 0001:00034d80       sf_debug_ss_data_bytes_string 0000000180035d80 f   sfc_debug:sfdb_symbol_scope.obj
 0001:00034e30       sf_debug_ss_data_class_string 0000000180035e30 f   sfc_debug:sfdb_symbol_scope.obj
 0001:000351c0       sf_debug_ss_data_size_string 00000001800361c0 f   sfc_debug:sfdb_symbol_scope.obj
 0001:000352a0       sf_debug_ss_data_create_data_info_struct 00000001800362a0 f   sfc_debug:sfdb_symbol_scope.obj
 0001:00035570       sf_debug_ss_data_create_name_value_pair 0000000180036570 f   sfc_debug:sfdb_symbol_scope.obj
 0001:00035610       sf_debug_ss_data_get_whos_info 0000000180036610 f   sfc_debug:sfdb_symbol_scope.obj
 0001:00035620       same_named_data_in_data_array 0000000180036620 f   sfc_debug:sfdb_symbol_scope.obj
 0001:00036e90       sf_debug_cc_terminate_chart 0000000180037e90 f   sfc_debug:sfdb_coverage.obj
 0001:00037230       sf_debug_cc_terminate_instance 0000000180038230 f   sfc_debug:sfdb_coverage.obj
 0001:00037e20       sf_debug_cc_mark_object_if_needed 0000000180038e20 f   sfc_debug:sfdb_coverage.obj
 0001:00038720       sf_debug_bm_initialize_eml 0000000180039720 f   sfc_debug:sfdb_breakpoints.obj
 0001:00039890       sf_debug_bm_map_debug_tag_to_breakpoint_tag 000000018003a890 f   sfc_debug:sfdb_breakpoints.obj
 0001:00039970       sf_debug_bm_is_a_eml_breakpoint_impl 000000018003a970 f   sfc_debug:sfdb_breakpoints.obj
 0001:0003b3f0       sf_debug_sc_push_on_error_stack 000000018003c3f0 f   sfc_debug:sfdb_state_consistency.obj
 0001:0003b520       sf_debug_sc_reset_error_stack 000000018003c520 f   sfc_debug:sfdb_state_consistency.obj
 0001:0003b6b0       sf_debug_sc_is_state_inconsistent 000000018003c6b0 f   sfc_debug:sfdb_state_consistency.obj
 0001:0003b9b0       sf_debug_sc_fill_consistency_info 000000018003c9b0 f   sfc_debug:sfdb_state_consistency.obj
 0001:0003bf90       void_assertion_fcn         000000018003cf90 f   sfc_debug:sfdb_call_stack.obj
 0001:0003c510       sf_debug_tm_fill_local_trace 000000018003d510 f   sfc_debug:sfdb_call_stack.obj
 0001:0003cae0       sf_debug_cd_terminate_instance 000000018003dae0 f   sfc_debug:sfdb_cycle_detection.obj
 0001:0003cb40       sf_debug_cd_free_checksum_stack 000000018003db40 f   sfc_debug:sfdb_cycle_detection.obj
 0001:0003cb90       sf_debug_cd_reset_pack_strings 000000018003db90 f   sfc_debug:sfdb_cycle_detection.obj
 0001:0003d250       md5file_clear              000000018003e250 f   sfc_debug:ckmd5.obj
 0001:0003d280       Encode                     000000018003e280 f   sfc_debug:ckmd5.obj
 0001:0003d2d0       Decode                     000000018003e2d0 f   sfc_debug:ckmd5.obj
 0001:0003d370       MD5Transform               000000018003e370 f   sfc_debug:ckmd5.obj
 0001:0003dbc0       md5file_addn               000000018003ebc0 f   sfc_debug:ckmd5.obj
 0001:0003dc90       md5file_hash               000000018003ec90 f   sfc_debug:ckmd5.obj
 0001:0003e178       pre_c_init                 000000018003f178 f   MSVCRT:crtdll.obj
 0001:0003e434       __DllMainCRTStartup        000000018003f434 f   MSVCRT:crtdll.obj
 0001:0003eb40       __DllMainCRTStartup$filt$0 000000018003fb40 f   MSVCRT:crtdll.obj
 0001:0003eb70       __DllMainCRTStartup$fin$1  000000018003fb70 f   MSVCRT:crtdll.obj
 0001:0003eb8a       _onexit$fin$0              000000018003fb8a f   MSVCRT:atonexit.obj
 0001:0003ebb0       _IsNonwritableInCurrentImage$filt$0 000000018003fbb0 f   MSVCRT:pesect.obj
